16:49:03 **** Incremental Build of configuration Debug for project 767_SPI_ILI9341_2 ****
make -j7 all 
arm-none-eabi-gcc "../Core/Src/main.c" -mcpu=cortex-m7 -std=gnu11 -g3 -DDEBUG -DUSE_HAL_DRIVER -DSTM32F767xx -c -I../Core/Inc -I../Drivers/STM32F7xx_HAL_Driver/Inc -I../Drivers/STM32F7xx_HAL_Driver/Inc/Legacy -I../Drivers/CMSIS/Device/ST/STM32F7xx/Include -I../Drivers/CMSIS/Include -I../Drivers/ILI9341 -O0 -ffunction-sections -fdata-sections -Wall -fstack-usage -fcyclomatic-complexity -MMD -MP -MF"Core/Src/main.d" -MT"Core/Src/main.o" --specs=nano.specs -mfpu=fpv5-d16 -mfloat-abi=hard -mthumb -o "Core/Src/main.o"
../Core/Src/main.c: In function 'main':
../Core/Src/main.c:344:42: warning: format '%d' expects argument of type 'int', but argument 3 has type 'uint32_t' {aka 'long unsigned int'} [-Wformat=]
  344 |                           sprintf(str, "%d\n\r", adc_val);
      |                                         ~^       ~~~~~~~
      |                                          |       |
      |                                          int     uint32_t {aka long unsigned int}
      |                                         %ld
../Core/Src/main.c:399:51: warning: implicit declaration of function 'calculate_abs_difference' [-Wimplicit-function-declaration]
  399 |                                           y_pos = calculate_abs_difference(position_array[0]);
      |                                                   ^~~~~~~~~~~~~~~~~~~~~~~~
../Core/Src/main.c:476:27: warning: implicit declaration of function 'My_Draw_Image' [-Wimplicit-function-declaration]
  476 |                           My_Draw_Image(&student_photo, 5, 50, P1011387_WIDTH, P1011387_HEIGHT);
      |                           ^~~~~~~~~~~~~
../Core/Src/main.c: At top level:
../Core/Src/main.c:616:6: warning: conflicting types for 'My_Draw_Image'; have 'void(const char *, uint8_t,  uint8_t,  uint8_t,  uint8_t)' {aka 'void(const char *, unsigned char,  unsigned char,  unsigned char,  unsigned char)'}
  616 | void My_Draw_Image(const char *Image_Array, uint8_t x, uint8_t y, uint8_t w, uint8_t h)
      |      ^~~~~~~~~~~~~
../Core/Src/main.c:476:27: note: previous implicit declaration of 'My_Draw_Image' with type 'void(const char *, uint8_t,  uint8_t,  uint8_t,  uint8_t)' {aka 'void(const char *, unsigned char,  unsigned char,  unsigned char,  unsigned char)'}
  476 |                           My_Draw_Image(&student_photo, 5, 50, P1011387_WIDTH, P1011387_HEIGHT);
      |                           ^~~~~~~~~~~~~
arm-none-eabi-gcc -o "767_SPI_ILI9341_2.elf" @"objects.list"   -mcpu=cortex-m7 -T"/Users/kitton/STM32CubeIDE/MAD_LAB/767_SPI_ILI9341_2/STM32F767ZITX_FLASH.ld" --specs=nosys.specs -Wl,-Map="767_SPI_ILI9341_2.map" -Wl,--gc-sections -static --specs=nano.specs -mfpu=fpv5-d16 -mfloat-abi=hard -mthumb -u _printf_float -Wl,--start-group -lc -lm -Wl,--end-group
/Applications/STM32CubeIDE.app/Contents/Eclipse/plugins/com.st.stm32cube.ide.mcu.externaltools.gnu-tools-for-stm32.12.3.rel1.macos64_1.0.200.202406191456/tools/bin/../lib/gcc/arm-none-eabi/12.3.1/../../../../arm-none-eabi/bin/ld: warning: 767_SPI_ILI9341_2.elf has a LOAD segment with RWX permissions
Finished building target: 767_SPI_ILI9341_2.elf
 
arm-none-eabi-size  767_SPI_ILI9341_2.elf 
arm-none-eabi-objdump -h -S 767_SPI_ILI9341_2.elf  > "767_SPI_ILI9341_2.list"
   text	   data	    bss	    dec	    hex	filename
  99544	    492	   2508	 102544	  19090	767_SPI_ILI9341_2.elf
Finished building: default.size.stdout
 
Finished building: 767_SPI_ILI9341_2.list
 

16:49:04 Build Finished. 0 errors, 5 warnings. (took 1s.385ms)

