18:29:18 **** Incremental Build of configuration Debug for project Practice_2 ****
make -j7 all 
arm-none-eabi-gcc "../Core/Src/main.c" -mcpu=cortex-m7 -std=gnu11 -g3 -DDEBUG -DUSE_HAL_DRIVER -DSTM32F767xx -c -I../Core/Inc -I../Drivers/STM32F7xx_HAL_Driver/Inc -I../Drivers/STM32F7xx_HAL_Driver/Inc/Legacy -I../Drivers/CMSIS/Device/ST/STM32F7xx/Include -I../Drivers/CMSIS/Include -O0 -ffunction-sections -fdata-sections -Wall -fstack-usage -fcyclomatic-complexity -MMD -MP -MF"Core/Src/main.d" -MT"Core/Src/main.o" --specs=nano.specs -mfpu=fpv5-d16 -mfloat-abi=hard -mthumb -o "Core/Src/main.o"
../Core/Src/main.c: In function 'main':
../Core/Src/main.c:114:11: warning: implicit declaration of function 'handle_led_sequence' [-Wimplicit-function-declaration]
  114 |           handle_led_sequence();
      |           ^~~~~~~~~~~~~~~~~~~
../Core/Src/main.c: At top level:
../Core/Src/main.c:182:6: warning: conflicting types for 'handle_led_sequence'; have 'void(void)'
  182 | void handle_led_sequence(void)
      |      ^~~~~~~~~~~~~~~~~~~
../Core/Src/main.c:114:11: note: previous implicit declaration of 'handle_led_sequence' with type 'void(void)'
  114 |           handle_led_sequence();
      |           ^~~~~~~~~~~~~~~~~~~
arm-none-eabi-gcc -o "Practice_2.elf" @"objects.list"   -mcpu=cortex-m7 -T"/Users/kitton/STM32CubeIDE/MAD_LAB/Practice_2/STM32F767ZITX_FLASH.ld" --specs=nosys.specs -Wl,-Map="Practice_2.map" -Wl,--gc-sections -static --specs=nano.specs -mfpu=fpv5-d16 -mfloat-abi=hard -mthumb -Wl,--start-group -lc -lm -Wl,--end-group
Finished building target: Practice_2.elf
 
arm-none-eabi-size  Practice_2.elf 
arm-none-eabi-objdump -h -S Practice_2.elf  > "Practice_2.list"
   text	   data	    bss	    dec	    hex	filename
  17620	     96	   2128	  19844	   4d84	Practice_2.elf
Finished building: default.size.stdout
 
Finished building: Practice_2.list
 

18:29:19 Build Finished. 0 errors, 2 warnings. (took 406ms)

