Archive member included to satisfy reference by file (symbol)

/Applications/STM32CubeIDE.app/Contents/Eclipse/plugins/com.st.stm32cube.ide.mcu.externaltools.gnu-tools-for-stm32.12.3.rel1.macos64_1.0.200.202406191456/tools/bin/../lib/gcc/arm-none-eabi/12.3.1/../../../../arm-none-eabi/lib/thumb/v7e-m+dp/hard/libc_nano.a(libc_a-exit.o)
                              /Applications/STM32CubeIDE.app/Contents/Eclipse/plugins/com.st.stm32cube.ide.mcu.externaltools.gnu-tools-for-stm32.12.3.rel1.macos64_1.0.200.202406191456/tools/bin/../lib/gcc/arm-none-eabi/12.3.1/../../../../arm-none-eabi/lib/thumb/v7e-m+dp/hard/crt0.o (exit)
/Applications/STM32CubeIDE.app/Contents/Eclipse/plugins/com.st.stm32cube.ide.mcu.externaltools.gnu-tools-for-stm32.12.3.rel1.macos64_1.0.200.202406191456/tools/bin/../lib/gcc/arm-none-eabi/12.3.1/../../../../arm-none-eabi/lib/thumb/v7e-m+dp/hard/libc_nano.a(libc_a-findfp.o)
                              /Applications/STM32CubeIDE.app/Contents/Eclipse/plugins/com.st.stm32cube.ide.mcu.externaltools.gnu-tools-for-stm32.12.3.rel1.macos64_1.0.200.202406191456/tools/bin/../lib/gcc/arm-none-eabi/12.3.1/../../../../arm-none-eabi/lib/thumb/v7e-m+dp/hard/libc_nano.a(libc_a-exit.o) (__stdio_exit_handler)
/Applications/STM32CubeIDE.app/Contents/Eclipse/plugins/com.st.stm32cube.ide.mcu.externaltools.gnu-tools-for-stm32.12.3.rel1.macos64_1.0.200.202406191456/tools/bin/../lib/gcc/arm-none-eabi/12.3.1/../../../../arm-none-eabi/lib/thumb/v7e-m+dp/hard/libc_nano.a(libc_a-fwalk.o)
                              /Applications/STM32CubeIDE.app/Contents/Eclipse/plugins/com.st.stm32cube.ide.mcu.externaltools.gnu-tools-for-stm32.12.3.rel1.macos64_1.0.200.202406191456/tools/bin/../lib/gcc/arm-none-eabi/12.3.1/../../../../arm-none-eabi/lib/thumb/v7e-m+dp/hard/libc_nano.a(libc_a-findfp.o) (_fwalk_sglue)
/Applications/STM32CubeIDE.app/Contents/Eclipse/plugins/com.st.stm32cube.ide.mcu.externaltools.gnu-tools-for-stm32.12.3.rel1.macos64_1.0.200.202406191456/tools/bin/../lib/gcc/arm-none-eabi/12.3.1/../../../../arm-none-eabi/lib/thumb/v7e-m+dp/hard/libc_nano.a(libc_a-memset.o)
                              /Applications/STM32CubeIDE.app/Contents/Eclipse/plugins/com.st.stm32cube.ide.mcu.externaltools.gnu-tools-for-stm32.12.3.rel1.macos64_1.0.200.202406191456/tools/bin/../lib/gcc/arm-none-eabi/12.3.1/../../../../arm-none-eabi/lib/thumb/v7e-m+dp/hard/crt0.o (memset)
/Applications/STM32CubeIDE.app/Contents/Eclipse/plugins/com.st.stm32cube.ide.mcu.externaltools.gnu-tools-for-stm32.12.3.rel1.macos64_1.0.200.202406191456/tools/bin/../lib/gcc/arm-none-eabi/12.3.1/../../../../arm-none-eabi/lib/thumb/v7e-m+dp/hard/libc_nano.a(libc_a-impure.o)
                              /Applications/STM32CubeIDE.app/Contents/Eclipse/plugins/com.st.stm32cube.ide.mcu.externaltools.gnu-tools-for-stm32.12.3.rel1.macos64_1.0.200.202406191456/tools/bin/../lib/gcc/arm-none-eabi/12.3.1/../../../../arm-none-eabi/lib/thumb/v7e-m+dp/hard/libc_nano.a(libc_a-findfp.o) (_impure_data)
/Applications/STM32CubeIDE.app/Contents/Eclipse/plugins/com.st.stm32cube.ide.mcu.externaltools.gnu-tools-for-stm32.12.3.rel1.macos64_1.0.200.202406191456/tools/bin/../lib/gcc/arm-none-eabi/12.3.1/../../../../arm-none-eabi/lib/thumb/v7e-m+dp/hard/libc_nano.a(libc_a-errno.o)
                              ./Core/Src/syscalls.o (__errno)
/Applications/STM32CubeIDE.app/Contents/Eclipse/plugins/com.st.stm32cube.ide.mcu.externaltools.gnu-tools-for-stm32.12.3.rel1.macos64_1.0.200.202406191456/tools/bin/../lib/gcc/arm-none-eabi/12.3.1/../../../../arm-none-eabi/lib/thumb/v7e-m+dp/hard/libc_nano.a(libc_a-init.o)
                              /Applications/STM32CubeIDE.app/Contents/Eclipse/plugins/com.st.stm32cube.ide.mcu.externaltools.gnu-tools-for-stm32.12.3.rel1.macos64_1.0.200.202406191456/tools/bin/../lib/gcc/arm-none-eabi/12.3.1/../../../../arm-none-eabi/lib/thumb/v7e-m+dp/hard/crt0.o (__libc_init_array)
/Applications/STM32CubeIDE.app/Contents/Eclipse/plugins/com.st.stm32cube.ide.mcu.externaltools.gnu-tools-for-stm32.12.3.rel1.macos64_1.0.200.202406191456/tools/bin/../lib/gcc/arm-none-eabi/12.3.1/../../../../arm-none-eabi/lib/thumb/v7e-m+dp/hard/libc_nano.a(libc_a-lock.o)
                              /Applications/STM32CubeIDE.app/Contents/Eclipse/plugins/com.st.stm32cube.ide.mcu.externaltools.gnu-tools-for-stm32.12.3.rel1.macos64_1.0.200.202406191456/tools/bin/../lib/gcc/arm-none-eabi/12.3.1/../../../../arm-none-eabi/lib/thumb/v7e-m+dp/hard/libc_nano.a(libc_a-findfp.o) (__retarget_lock_init_recursive)
/Applications/STM32CubeIDE.app/Contents/Eclipse/plugins/com.st.stm32cube.ide.mcu.externaltools.gnu-tools-for-stm32.12.3.rel1.macos64_1.0.200.202406191456/tools/bin/../lib/gcc/arm-none-eabi/12.3.1/../../../../arm-none-eabi/lib/thumb/v7e-m+dp/hard/libc_nano.a(libc_a-mallocr.o)
[...]
Memory Configuration

Name             Origin             Length             Attributes
RAM              0x20000000         0x00080000         xrw
FLASH            0x08000000         0x00200000         xr
*default*        0x00000000         0xffffffff

Linker script and memory map

LOAD /Applications/STM32CubeIDE.app/Contents/Eclipse/plugins/com.st.stm32cube.ide.mcu.externaltools.gnu-tools-for-stm32.12.3.rel1.macos64_1.0.200.202406191456/tools/bin/../lib/gcc/arm-none-eabi/12.3.1/thumb/v7e-m+dp/hard/crti.o
LOAD /Applications/STM32CubeIDE.app/Contents/Eclipse/plugins/com.st.stm32cube.ide.mcu.externaltools.gnu-tools-for-stm32.12.3.rel1.macos64_1.0.200.202406191456/tools/bin/../lib/gcc/arm-none-eabi/12.3.1/thumb/v7e-m+dp/hard/crtbegin.o
LOAD /Applications/STM32CubeIDE.app/Contents/Eclipse/plugins/com.st.stm32cube.ide.mcu.externaltools.gnu-tools-for-stm32.12.3.rel1.macos64_1.0.200.202406191456/tools/bin/../lib/gcc/arm-none-eabi/12.3.1/../../../../arm-none-eabi/lib/thumb/v7e-m+dp/hard/crt0.o
LOAD ./Core/Src/gpio.o
LOAD ./Core/Src/main.o
LOAD ./Core/Src/stm32f7xx_hal_msp.o
LOAD ./Core/Src/stm32f7xx_it.o
LOAD ./Core/Src/syscalls.o
LOAD ./Core/Src/sysmem.o
LOAD ./Core/Src/system_stm32f7xx.o
LOAD ./Core/Src/tim.o
LOAD ./Core/Src/usart.o
LOAD ./Core/Startup/startup_stm32f767zitx.o
LOAD ./Drivers/STM32F7xx_HAL_Driver/Src/stm32f7xx_hal.o
LOAD ./Drivers/STM32F7xx_HAL_Driver/Src/stm32f7xx_hal_cortex.o
LOAD ./Drivers/STM32F7xx_HAL_Driver/Src/stm32f7xx_hal_dma.o
LOAD ./Drivers/STM32F7xx_HAL_Driver/Src/stm32f7xx_hal_dma_ex.o
LOAD ./Drivers/STM32F7xx_HAL_Driver/Src/stm32f7xx_hal_exti.o
LOAD ./Drivers/STM32F7xx_HAL_Driver/Src/stm32f7xx_hal_flash.o
LOAD ./Drivers/STM32F7xx_HAL_Driver/Src/stm32f7xx_hal_flash_ex.o
LOAD ./Drivers/STM32F7xx_HAL_Driver/Src/stm32f7xx_hal_gpio.o
LOAD ./Drivers/STM32F7xx_HAL_Driver/Src/stm32f7xx_hal_i2c.o
LOAD ./Drivers/STM32F7xx_HAL_Driver/Src/stm32f7xx_hal_i2c_ex.o
LOAD ./Drivers/STM32F7xx_HAL_Driver/Src/stm32f7xx_hal_pwr.o
LOAD ./Drivers/STM32F7xx_HAL_Driver/Src/stm32f7xx_hal_pwr_ex.o
LOAD ./Drivers/STM32F7xx_HAL_Driver/Src/stm32f7xx_hal_rcc.o
LOAD ./Drivers/STM32F7xx_HAL_Driver/Src/stm32f7xx_hal_rcc_ex.o
LOAD ./Drivers/STM32F7xx_HAL_Driver/Src/stm32f7xx_hal_tim.o
LOAD ./Drivers/STM32F7xx_HAL_Driver/Src/stm32f7xx_hal_tim_ex.o
LOAD ./Drivers/STM32F7xx_HAL_Driver/Src/stm32f7xx_hal_uart.o
LOAD ./Drivers/STM32F7xx_HAL_Driver/Src/stm32f7xx_hal_uart_ex.o
START GROUP
LOAD /Applications/STM32CubeIDE.app/Contents/Eclipse/plugins/com.st.stm32cube.ide.mcu.externaltools.gnu-tools-for-stm32.12.3.rel1.macos64_1.0.200.202406191456/tools/bin/../lib/gcc/arm-none-eabi/12.3.1/../../../../arm-none-eabi/lib/thumb/v7e-m+dp/hard/libc_nano.a
LOAD /Applications/STM32CubeIDE.app/Contents/Eclipse/plugins/com.st.stm32cube.ide.mcu.externaltools.gnu-tools-for-stm32.12.3.rel1.macos64_1.0.200.202406191456/tools/bin/../lib/gcc/arm-none-eabi/12.3.1/../../../../arm-none-eabi/lib/thumb/v7e-m+dp/hard/libm.a
END GROUP
START GROUP
LOAD /Applications/STM32CubeIDE.app/Contents/Eclipse/plugins/com.st.stm32cube.ide.mcu.externaltools.gnu-tools-for-stm32.12.3.rel1.macos64_1.0.200.202406191456/tools/bin/../lib/gcc/arm-none-eabi/12.3.1/thumb/v7e-m+dp/hard/libgcc.a
LOAD /Applications/STM32CubeIDE.app/Contents/Eclipse/plugins/com.st.stm32cube.ide.mcu.externaltools.gnu-tools-for-stm32.12.3.rel1.macos64_1.0.200.202406191456/tools/bin/../lib/gcc/arm-none-eabi/12.3.1/../../../../arm-none-eabi/lib/thumb/v7e-m+dp/hard/libc_nano.a
END GROUP
START GROUP
LOAD /Applications/STM32CubeIDE.app/Contents/Eclipse/plugins/com.st.stm32cube.ide.mcu.externaltools.gnu-tools-for-stm32.12.3.rel1.macos64_1.0.200.202406191456/tools/bin/../lib/gcc/arm-none-eabi/12.3.1/thumb/v7e-m+dp/hard/libgcc.a
LOAD /Applications/STM32CubeIDE.app/Contents/Eclipse/plugins/com.st.stm32cube.ide.mcu.externaltools.gnu-tools-for-stm32.12.3.rel1.macos64_1.0.200.202406191456/tools/bin/../lib/gcc/arm-none-eabi/12.3.1/../../../../arm-none-eabi/lib/thumb/v7e-m+dp/hard/libc_nano.a
LOAD /Applications/STM32CubeIDE.app/Contents/Eclipse/plugins/com.st.stm32cube.ide.mcu.externaltools.gnu-tools-for-stm32.12.3.rel1.macos64_1.0.200.202406191456/tools/bin/../lib/gcc/arm-none-eabi/12.3.1/../../../../arm-none-eabi/lib/thumb/v7e-m+dp/hard/libnosys.a
END GROUP
START GROUP
LOAD /Applications/STM32CubeIDE.app/Contents/Eclipse/plugins/com.st.stm32cube.ide.mcu.externaltools.gnu-tools-for-stm32.12.3.rel1.macos64_1.0.200.202406191456/tools/bin/../lib/gcc/arm-none-eabi/12.3.1/thumb/v7e-m+dp/hard/libgcc.a
LOAD /Applications/STM32CubeIDE.app/Contents/Eclipse/plugins/com.st.stm32cube.ide.mcu.externaltools.gnu-tools-for-stm32.12.3.rel1.macos64_1.0.200.202406191456/tools/bin/../lib/gcc/arm-none-eabi/12.3.1/../../../../arm-none-eabi/lib/thumb/v7e-m+dp/hard/libc_nano.a
LOAD /Applications/STM32CubeIDE.app/Contents/Eclipse/plugins/com.st.stm32cube.ide.mcu.externaltools.gnu-tools-for-stm32.12.3.rel1.macos64_1.0.200.202406191456/tools/bin/../lib/gcc/arm-none-eabi/12.3.1/../../../../arm-none-eabi/lib/thumb/v7e-m+dp/hard/libnosys.a
END GROUP
LOAD /Applications/STM32CubeIDE.app/Contents/Eclipse/plugins/com.st.stm32cube.ide.mcu.externaltools.gnu-tools-for-stm32.12.3.rel1.macos64_1.0.200.202406191456/tools/bin/../lib/gcc/arm-none-eabi/12.3.1/thumb/v7e-m+dp/hard/crtend.o
LOAD /Applications/STM32CubeIDE.app/Contents/Eclipse/plugins/com.st.stm32cube.ide.mcu.externaltools.gnu-tools-for-stm32.12.3.rel1.macos64_1.0.200.202406191456/tools/bin/../lib/gcc/arm-none-eabi/12.3.1/thumb/v7e-m+dp/hard/crtn.o
                0x20080000                        _estack = (ORIGIN (RAM) + LENGTH (RAM))
                0x00000200                        _Min_Heap_Size = 0x200
                0x00000400                        _Min_Stack_Size = 0x400

.isr_vector     0x08000000      0x1f8
                0x08000000                        . = ALIGN (0x4)
 *(.isr_vector)
 .isr_vector    0x08000000      0x1f8 ./Core/Startup/startup_stm32f767zitx.o
                0x08000000                g_pfnVectors
                0x080001f8                        . = ALIGN (0x4)

.text           0x080001f8     0x4a48
                0x080001f8                        . = ALIGN (0x4)
 *(.text)
 .text          0x080001f8       0x40 /Applications/STM32CubeIDE.app/Contents/Eclipse/plugins/com.st.stm32cube.ide.mcu.externaltools.gnu-tools-for-stm32.12.3.rel1.macos64_1.0.200.202406191456/tools/bin/../lib/gcc/arm-none-eabi/12.3.1/thumb/v7e-m+dp/hard/crtbegin.o
 .text          0x08000238       0x30 /Applications/STM32CubeIDE.app/Contents/Eclipse/plugins/com.st.stm32cube.ide.mcu.externaltools.gnu-tools-for-stm32.12.3.rel1.macos64_1.0.200.202406191456/tools/bin/../lib/gcc/arm-none-eabi/12.3.1/thumb/v7e-m+dp/hard/libgcc.a(_aeabi_uldivmod.o)
                0x08000238                __aeabi_uldivmod
 .text          0x08000268      0x2bc /Applications/STM32CubeIDE.app/Contents/Eclipse/plugins/com.st.stm32cube.ide.mcu.externaltools.gnu-tools-for-stm32.12.3.rel1.macos64_1.0.200.202406191456/tools/bin/../lib/gcc/arm-none-eabi/12.3.1/thumb/v7e-m+dp/hard/libgcc.a(_udivmoddi4.o)
                0x08000268                __udivmoddi4
 .text          0x08000524        0x4 /Applications/STM32CubeIDE.app/Contents/Eclipse/plugins/com.st.stm32cube.ide.mcu.externaltools.gnu-tools-for-stm32.12.3.rel1.macos64_1.0.200.202406191456/tools/bin/../lib/gcc/arm-none-eabi/12.3.1/thumb/v7e-m+dp/hard/libgcc.a(_dvmd_tls.o)
                0x08000524                __aeabi_ldiv0
                0x08000524                __aeabi_idiv0
 *(.text*)
 .text.MX_GPIO_Init
                0x08000528       0x60 ./Core/Src/gpio.o
                0x08000528                MX_GPIO_Init
 .text.main     0x08000588      0x21c ./Core/Src/main.o
                0x08000588                main
 .text.SystemClock_Config
                0x080007a4       0xdc ./Core/Src/main.o
                0x080007a4                SystemClock_Config
 .text.MPU_Config
                0x08000880       0x58 ./Core/Src/main.o
 .text.Error_Handler
                0x080008d8        0xc ./Core/Src/main.o
                0x080008d8                Error_Handler
 .text.HAL_MspInit
                0x080008e4       0x48 ./Core/Src/stm32f7xx_hal_msp.o
                0x080008e4                HAL_MspInit
 .text.NMI_Handler
                0x0800092c        0x8 ./Core/Src/stm32f7xx_it.o
                0x0800092c                NMI_Handler
 .text.HardFault_Handler
                0x08000934        0x8 ./Core/Src/stm32f7xx_it.o
                0x08000934                HardFault_Handler
 .text.MemManage_Handler
                0x0800093c        0x8 ./Core/Src/stm32f7xx_it.o
                0x0800093c                MemManage_Handler
 .text.BusFault_Handler
                0x08000944        0x8 ./Core/Src/stm32f7xx_it.o
                0x08000944                BusFault_Handler
 .text.UsageFault_Handler
                0x0800094c        0x8 ./Core/Src/stm32f7xx_it.o
                0x0800094c                UsageFault_Handler
 .text.SVC_Handler
                0x08000954        0xe ./Core/Src/stm32f7xx_it.o
                0x08000954                SVC_Handler
 .text.DebugMon_Handler
                0x08000962        0xe ./Core/Src/stm32f7xx_it.o
                0x08000962                DebugMon_Handler
 .text.PendSV_Handler
                0x08000970        0xe ./Core/Src/stm32f7xx_it.o
                0x08000970                PendSV_Handler
 .text.SysTick_Handler
                0x0800097e        0xc ./Core/Src/stm32f7xx_it.o
                0x0800097e                SysTick_Handler
 *fill*         0x0800098a        0x2 
 .text.USART3_IRQHandler
                0x0800098c       0x14 ./Core/Src/stm32f7xx_it.o
                0x0800098c                USART3_IRQHandler
 .text.SystemInit
                0x080009a0       0x24 ./Core/Src/system_stm32f7xx.o
                0x080009a0                SystemInit
 .text.MX_TIM2_Init
                0x080009c4      0x124 ./Core/Src/tim.o
                0x080009c4                MX_TIM2_Init
 .text.HAL_TIM_Base_MspInit
                0x08000ae8       0x3c ./Core/Src/tim.o
                0x08000ae8                HAL_TIM_Base_MspInit
 .text.HAL_TIM_MspPostInit
                0x08000b24       0xcc ./Core/Src/tim.o
                0x08000b24                HAL_TIM_MspPostInit
 .text.MX_USART3_UART_Init
                0x08000bf0       0x60 ./Core/Src/usart.o
                0x08000bf0                MX_USART3_UART_Init
 .text.HAL_UART_MspInit
                0x08000c50       0xd0 ./Core/Src/usart.o
                0x08000c50                HAL_UART_MspInit
 .text.Reset_Handler
                0x08000d20       0x50 ./Core/Startup/startup_stm32f767zitx.o
                0x08000d20                Reset_Handler
 .text.Default_Handler
                0x08000d70        0x2 ./Core/Startup/startup_stm32f767zitx.o
                0x08000d70                DMA1_Stream3_IRQHandler
                0x08000d70                EXTI2_IRQHandler
                0x08000d70                TIM8_CC_IRQHandler
                0x08000d70                UART8_IRQHandler
                0x08000d70                SPI4_IRQHandler
                0x08000d70                TIM1_CC_IRQHandler
                0x08000d70                DMA2_Stream5_IRQHandler
                0x08000d70                JPEG_IRQHandler
                0x08000d70                DMA1_Stream5_IRQHandler
                0x08000d70                CAN3_RX1_IRQHandler
                0x08000d70                PVD_IRQHandler
                0x08000d70                TAMP_STAMP_IRQHandler
                0x08000d70                CAN2_RX1_IRQHandler
                0x08000d70                EXTI3_IRQHandler
                0x08000d70                TIM8_TRG_COM_TIM14_IRQHandler
                0x08000d70                DFSDM1_FLT1_IRQHandler
                0x08000d70                TIM1_UP_TIM10_IRQHandler
                0x08000d70                TIM8_UP_TIM13_IRQHandler
                0x08000d70                I2C3_ER_IRQHandler
                0x08000d70                DFSDM1_FLT2_IRQHandler
                0x08000d70                EXTI0_IRQHandler
                0x08000d70                I2C2_EV_IRQHandler
                0x08000d70                DMA1_Stream2_IRQHandler
                0x08000d70                CAN1_RX0_IRQHandler
                0x08000d70                FPU_IRQHandler
                0x08000d70                OTG_HS_WKUP_IRQHandler
                0x08000d70                CAN3_SCE_IRQHandler
                0x08000d70                LTDC_ER_IRQHandler
                0x08000d70                CAN2_SCE_IRQHandler
                0x08000d70                DMA2_Stream2_IRQHandler
                0x08000d70                SPI1_IRQHandler
                0x08000d70                TIM6_DAC_IRQHandler
                0x08000d70                TIM1_BRK_TIM9_IRQHandler
                0x08000d70                DCMI_IRQHandler
                0x08000d70                CAN2_RX0_IRQHandler
                0x08000d70                DMA2_Stream3_IRQHandler
                0x08000d70                SAI2_IRQHandler
                0x08000d70                DFSDM1_FLT3_IRQHandler
                0x08000d70                USART6_IRQHandler
                0x08000d70                CAN3_RX0_IRQHandler
                0x08000d70                CAN1_RX1_IRQHandler
                0x08000d70                UART5_IRQHandler
                0x08000d70                DMA2_Stream0_IRQHandler
                0x08000d70                TIM4_IRQHandler
                0x08000d70                QUADSPI_IRQHandler
                0x08000d70                I2C1_EV_IRQHandler
                0x08000d70                DMA1_Stream6_IRQHandler
                0x08000d70                DMA1_Stream1_IRQHandler
                0x08000d70                UART4_IRQHandler
                0x08000d70                TIM3_IRQHandler
                0x08000d70                RCC_IRQHandler
                0x08000d70                TIM8_BRK_TIM12_IRQHandler
                0x08000d70                Default_Handler
                0x08000d70                CEC_IRQHandler
                0x08000d70                EXTI15_10_IRQHandler
                0x08000d70                ADC_IRQHandler
                0x08000d70                DMA1_Stream7_IRQHandler
                0x08000d70                SPI5_IRQHandler
                0x08000d70                TIM7_IRQHandler
                0x08000d70                SDMMC1_IRQHandler
                0x08000d70                CAN2_TX_IRQHandler
                0x08000d70                TIM5_IRQHandler
                0x08000d70                DMA2_Stream7_IRQHandler
                0x08000d70                I2C3_EV_IRQHandler
                0x08000d70                EXTI9_5_IRQHandler
                0x08000d70                RTC_WKUP_IRQHandler
                0x08000d70                LTDC_IRQHandler
                0x08000d70                ETH_WKUP_IRQHandler
                0x08000d70                SPDIF_RX_IRQHandler
                0x08000d70                SPI2_IRQHandler
                0x08000d70                OTG_HS_EP1_IN_IRQHandler
                0x08000d70                DMA1_Stream0_IRQHandler
                0x08000d70                CAN1_TX_IRQHandler
                0x08000d70                EXTI4_IRQHandler
                0x08000d70                RNG_IRQHandler
                0x08000d70                ETH_IRQHandler
                0x08000d70                OTG_HS_EP1_OUT_IRQHandler
                0x08000d70                WWDG_IRQHandler
                0x08000d70                SPI6_IRQHandler
                0x08000d70                MDIOS_IRQHandler
                0x08000d70                I2C4_EV_IRQHandler
                0x08000d70                CAN3_TX_IRQHandler
                0x08000d70                TIM2_IRQHandler
                0x08000d70                OTG_FS_WKUP_IRQHandler
                0x08000d70                TIM1_TRG_COM_TIM11_IRQHandler
                0x08000d70                OTG_HS_IRQHandler
                0x08000d70                DMA2D_IRQHandler
                0x08000d70                EXTI1_IRQHandler
                0x08000d70                SDMMC2_IRQHandler
                0x08000d70                UART7_IRQHandler
                0x08000d70                USART2_IRQHandler
                0x08000d70                DFSDM1_FLT0_IRQHandler
                0x08000d70                I2C2_ER_IRQHandler
                0x08000d70                DMA2_Stream1_IRQHandler
                0x08000d70                CAN1_SCE_IRQHandler
                0x08000d70                FLASH_IRQHandler
                0x08000d70                DMA2_Stream4_IRQHandler
                0x08000d70                USART1_IRQHandler
                0x08000d70                OTG_FS_IRQHandler
                0x08000d70                SPI3_IRQHandler
                0x08000d70                DMA1_Stream4_IRQHandler
                0x08000d70                I2C1_ER_IRQHandler
                0x08000d70                FMC_IRQHandler
                0x08000d70                LPTIM1_IRQHandler
                0x08000d70                I2C4_ER_IRQHandler
                0x08000d70                DMA2_Stream6_IRQHandler
                0x08000d70                SAI1_IRQHandler
                0x08000d70                RTC_Alarm_IRQHandler
 .text.HAL_Init
                0x08000d72       0x1a ./Drivers/STM32F7xx_HAL_Driver/Src/stm32f7xx_hal.o
                0x08000d72                HAL_Init
 .text.HAL_InitTick
                0x08000d8c       0x60 ./Drivers/STM32F7xx_HAL_Driver/Src/stm32f7xx_hal.o
                0x08000d8c                HAL_InitTick
 .text.HAL_IncTick
                0x08000dec       0x28 ./Drivers/STM32F7xx_HAL_Driver/Src/stm32f7xx_hal.o
                0x08000dec                HAL_IncTick
 .text.HAL_GetTick
                0x08000e14       0x18 ./Drivers/STM32F7xx_HAL_Driver/Src/stm32f7xx_hal.o
                0x08000e14                HAL_GetTick
 .text.HAL_Delay
                0x08000e2c       0x48 ./Drivers/STM32F7xx_HAL_Driver/Src/stm32f7xx_hal.o
                0x08000e2c                HAL_Delay
 .text.__NVIC_SetPriorityGrouping
                0x08000e74       0x48 ./Drivers/STM32F7xx_HAL_Driver/Src/stm32f7xx_hal_cortex.o
 .text.__NVIC_GetPriorityGrouping
                0x08000ebc       0x1c ./Drivers/STM32F7xx_HAL_Driver/Src/stm32f7xx_hal_cortex.o
 .text.__NVIC_EnableIRQ
                0x08000ed8       0x3c ./Drivers/STM32F7xx_HAL_Driver/Src/stm32f7xx_hal_cortex.o
 .text.__NVIC_SetPriority
                0x08000f14       0x54 ./Drivers/STM32F7xx_HAL_Driver/Src/stm32f7xx_hal_cortex.o
 .text.NVIC_EncodePriority
                0x08000f68       0x66 ./Drivers/STM32F7xx_HAL_Driver/Src/stm32f7xx_hal_cortex.o
 *fill*         0x08000fce        0x2 
 .text.SysTick_Config
                0x08000fd0       0x44 ./Drivers/STM32F7xx_HAL_Driver/Src/stm32f7xx_hal_cortex.o
 .text.HAL_NVIC_SetPriorityGrouping
                0x08001014       0x16 ./Drivers/STM32F7xx_HAL_Driver/Src/stm32f7xx_hal_cortex.o
                0x08001014                HAL_NVIC_SetPriorityGrouping
 .text.HAL_NVIC_SetPriority
                0x0800102a       0x38 ./Drivers/STM32F7xx_HAL_Driver/Src/stm32f7xx_hal_cortex.o
                0x0800102a                HAL_NVIC_SetPriority
 .text.HAL_NVIC_EnableIRQ
                0x08001062       0x1c ./Drivers/STM32F7xx_HAL_Driver/Src/stm32f7xx_hal_cortex.o
                0x08001062                HAL_NVIC_EnableIRQ
 .text.HAL_SYSTICK_Config
                0x0800107e       0x18 ./Drivers/STM32F7xx_HAL_Driver/Src/stm32f7xx_hal_cortex.o
                0x0800107e                HAL_SYSTICK_Config
 *fill*         0x08001096        0x2 
 .text.HAL_MPU_Disable
                0x08001098       0x30 ./Drivers/STM32F7xx_HAL_Driver/Src/stm32f7xx_hal_cortex.o
                0x08001098                HAL_MPU_Disable
 .text.HAL_MPU_Enable
                0x080010c8       0x40 ./Drivers/STM32F7xx_HAL_Driver/Src/stm32f7xx_hal_cortex.o
                0x080010c8                HAL_MPU_Enable
 .text.HAL_MPU_ConfigRegion
                0x08001108       0x80 ./Drivers/STM32F7xx_HAL_Driver/Src/stm32f7xx_hal_cortex.o
                0x08001108                HAL_MPU_ConfigRegion
 .text.HAL_DMA_Abort
                0x08001188       0xe0 ./Drivers/STM32F7xx_HAL_Driver/Src/stm32f7xx_hal_dma.o
                0x08001188                HAL_DMA_Abort
 .text.HAL_DMA_Abort_IT
                0x08001268       0x44 ./Drivers/STM32F7xx_HAL_Driver/Src/stm32f7xx_hal_dma.o
                0x08001268                HAL_DMA_Abort_IT
 .text.HAL_GPIO_Init
                0x080012ac      0x358 ./Drivers/STM32F7xx_HAL_Driver/Src/stm32f7xx_hal_gpio.o
                0x080012ac                HAL_GPIO_Init
 .text.HAL_PWREx_EnableOverDrive
                0x08001604       0xa0 ./Drivers/STM32F7xx_HAL_Driver/Src/stm32f7xx_hal_pwr_ex.o
                0x08001604                HAL_PWREx_EnableOverDrive
 .text.HAL_RCC_OscConfig
                0x080016a4      0x55c ./Drivers/STM32F7xx_HAL_Driver/Src/stm32f7xx_hal_rcc.o
                0x080016a4                HAL_RCC_OscConfig
 .text.HAL_RCC_ClockConfig
                0x08001c00      0x1d8 ./Drivers/STM32F7xx_HAL_Driver/Src/stm32f7xx_hal_rcc.o
                0x08001c00                HAL_RCC_ClockConfig
 .text.HAL_RCC_GetSysClockFreq
                0x08001dd8      0x18c ./Drivers/STM32F7xx_HAL_Driver/Src/stm32f7xx_hal_rcc.o
                0x08001dd8                HAL_RCC_GetSysClockFreq
 .text.HAL_RCC_GetHCLKFreq
                0x08001f64       0x18 ./Drivers/STM32F7xx_HAL_Driver/Src/stm32f7xx_hal_rcc.o
                0x08001f64                HAL_RCC_GetHCLKFreq
 .text.HAL_RCC_GetPCLK1Freq
                0x08001f7c       0x28 ./Drivers/STM32F7xx_HAL_Driver/Src/stm32f7xx_hal_rcc.o
                0x08001f7c                HAL_RCC_GetPCLK1Freq
 .text.HAL_RCC_GetPCLK2Freq
                0x08001fa4       0x28 ./Drivers/STM32F7xx_HAL_Driver/Src/stm32f7xx_hal_rcc.o
                0x08001fa4                HAL_RCC_GetPCLK2Freq
 .text.HAL_RCCEx_PeriphCLKConfig
                0x08001fcc      0x850 ./Drivers/STM32F7xx_HAL_Driver/Src/stm32f7xx_hal_rcc_ex.o
                0x08001fcc                HAL_RCCEx_PeriphCLKConfig
 .text.HAL_TIM_Base_Init
                0x0800281c       0xae ./Drivers/STM32F7xx_HAL_Driver/Src/stm32f7xx_hal_tim.o
                0x0800281c                HAL_TIM_Base_Init
 .text.HAL_TIM_PWM_Init
                0x080028ca       0xae ./Drivers/STM32F7xx_HAL_Driver/Src/stm32f7xx_hal_tim.o
                0x080028ca                HAL_TIM_PWM_Init
 .text.HAL_TIM_PWM_MspInit
                0x08002978       0x14 ./Drivers/STM32F7xx_HAL_Driver/Src/stm32f7xx_hal_tim.o
                0x08002978                HAL_TIM_PWM_MspInit
 .text.HAL_TIM_PWM_Start
                0x0800298c      0x1f4 ./Drivers/STM32F7xx_HAL_Driver/Src/stm32f7xx_hal_tim.o
                0x0800298c                HAL_TIM_PWM_Start
 .text.HAL_TIM_PWM_Stop
                0x08002b80      0x100 ./Drivers/STM32F7xx_HAL_Driver/Src/stm32f7xx_hal_tim.o
                0x08002b80                HAL_TIM_PWM_Stop
 .text.HAL_TIM_PWM_ConfigChannel
                0x08002c80      0x228 ./Drivers/STM32F7xx_HAL_Driver/Src/stm32f7xx_hal_tim.o
                0x08002c80                HAL_TIM_PWM_ConfigChannel
 .text.HAL_TIM_ConfigClockSource
                0x08002ea8      0x194 ./Drivers/STM32F7xx_HAL_Driver/Src/stm32f7xx_hal_tim.o
                0x08002ea8                HAL_TIM_ConfigClockSource
 .text.TIM_Base_SetConfig
                0x0800303c      0x158 ./Drivers/STM32F7xx_HAL_Driver/Src/stm32f7xx_hal_tim.o
                0x0800303c                TIM_Base_SetConfig
 .text.TIM_OC1_SetConfig
                0x08003194       0xe4 ./Drivers/STM32F7xx_HAL_Driver/Src/stm32f7xx_hal_tim.o
 .text.TIM_OC2_SetConfig
                0x08003278       0xf0 ./Drivers/STM32F7xx_HAL_Driver/Src/stm32f7xx_hal_tim.o
                0x08003278                TIM_OC2_SetConfig
 .text.TIM_OC3_SetConfig
                0x08003368       0xec ./Drivers/STM32F7xx_HAL_Driver/Src/stm32f7xx_hal_tim.o
 .text.TIM_OC4_SetConfig
                0x08003454       0xb0 ./Drivers/STM32F7xx_HAL_Driver/Src/stm32f7xx_hal_tim.o
 .text.TIM_OC5_SetConfig
                0x08003504       0xa4 ./Drivers/STM32F7xx_HAL_Driver/Src/stm32f7xx_hal_tim.o
 .text.TIM_OC6_SetConfig
                0x080035a8       0xa8 ./Drivers/STM32F7xx_HAL_Driver/Src/stm32f7xx_hal_tim.o
 .text.TIM_TI1_ConfigInputStage
                0x08003650       0x5e ./Drivers/STM32F7xx_HAL_Driver/Src/stm32f7xx_hal_tim.o
 .text.TIM_TI2_ConfigInputStage
                0x080036ae       0x60 ./Drivers/STM32F7xx_HAL_Driver/Src/stm32f7xx_hal_tim.o
 .text.TIM_ITRx_SetConfig
                0x0800370e       0x36 ./Drivers/STM32F7xx_HAL_Driver/Src/stm32f7xx_hal_tim.o
 .text.TIM_ETR_SetConfig
                0x08003744       0x40 ./Drivers/STM32F7xx_HAL_Driver/Src/stm32f7xx_hal_tim.o
                0x08003744                TIM_ETR_SetConfig
 .text.TIM_CCxChannelCmd
                0x08003784       0x4a ./Drivers/STM32F7xx_HAL_Driver/Src/stm32f7xx_hal_tim.o
                0x08003784                TIM_CCxChannelCmd
 *fill*         0x080037ce        0x2 
 .text.HAL_TIMEx_MasterConfigSynchronization
                0x080037d0      0x11c ./Drivers/STM32F7xx_HAL_Driver/Src/stm32f7xx_hal_tim_ex.o
                0x080037d0                HAL_TIMEx_MasterConfigSynchronization
 .text.HAL_UART_Init
                0x080038ec       0x9c ./Drivers/STM32F7xx_HAL_Driver/Src/stm32f7xx_hal_uart.o
                0x080038ec                HAL_UART_Init
 .text.HAL_UART_Transmit
                0x08003988      0x112 ./Drivers/STM32F7xx_HAL_Driver/Src/stm32f7xx_hal_uart.o
                0x08003988                HAL_UART_Transmit
 .text.HAL_UART_Receive
                0x08003a9a      0x190 ./Drivers/STM32F7xx_HAL_Driver/Src/stm32f7xx_hal_uart.o
                0x08003a9a                HAL_UART_Receive
 *fill*         0x08003c2a        0x2 
 .text.HAL_UART_IRQHandler
                0x08003c2c      0x5d0 ./Drivers/STM32F7xx_HAL_Driver/Src/stm32f7xx_hal_uart.o
                0x08003c2c                HAL_UART_IRQHandler
 .text.HAL_UART_TxCpltCallback
                0x080041fc       0x14 ./Drivers/STM32F7xx_HAL_Driver/Src/stm32f7xx_hal_uart.o
                0x080041fc                HAL_UART_TxCpltCallback
 .text.HAL_UART_ErrorCallback
                0x08004210       0x14 ./Drivers/STM32F7xx_HAL_Driver/Src/stm32f7xx_hal_uart.o
                0x08004210                HAL_UART_ErrorCallback
 .text.HAL_UARTEx_RxEventCallback
                0x08004224       0x18 ./Drivers/STM32F7xx_HAL_Driver/Src/stm32f7xx_hal_uart.o
                0x08004224                HAL_UARTEx_RxEventCallback
 .text.HAL_UARTEx_WakeupCallback
                0x0800423c       0x14 ./Drivers/STM32F7xx_HAL_Driver/Src/stm32f7xx_hal_uart.o
                0x0800423c                HAL_UARTEx_WakeupCallback
 .text.UART_SetConfig
                0x08004250      0x4c8 ./Drivers/STM32F7xx_HAL_Driver/Src/stm32f7xx_hal_uart.o
                0x08004250                UART_SetConfig
 .text.UART_AdvFeatureConfig
                0x08004718      0x144 ./Drivers/STM32F7xx_HAL_Driver/Src/stm32f7xx_hal_uart.o
                0x08004718                UART_AdvFeatureConfig
 .text.UART_CheckIdleState
                0x0800485c      0x150 ./Drivers/STM32F7xx_HAL_Driver/Src/stm32f7xx_hal_uart.o
                0x0800485c                UART_CheckIdleState
 .text.UART_WaitOnFlagUntilTimeout
                0x080049ac       0xda ./Drivers/STM32F7xx_HAL_Driver/Src/stm32f7xx_hal_uart.o
                0x080049ac                UART_WaitOnFlagUntilTimeout
 .text.UART_EndRxTransfer
                0x08004a86       0xc8 ./Drivers/STM32F7xx_HAL_Driver/Src/stm32f7xx_hal_uart.o
 .text.UART_DMAAbortOnError
                0x08004b4e       0x2c ./Drivers/STM32F7xx_HAL_Driver/Src/stm32f7xx_hal_uart.o
 .text.UART_EndTransmit_IT
                0x08004b7a       0x54 ./Drivers/STM32F7xx_HAL_Driver/Src/stm32f7xx_hal_uart.o
 .text.memset   0x08004bce       0x10 /Applications/STM32CubeIDE.app/Contents/Eclipse/plugins/com.st.stm32cube.ide.mcu.externaltools.gnu-tools-for-stm32.12.3.rel1.macos64_1.0.200.202406191456/tools/bin/../lib/gcc/arm-none-eabi/12.3.1/../../../../arm-none-eabi/lib/thumb/v7e-m+dp/hard/libc_nano.a(libc_a-memset.o)
                0x08004bce                memset
 *fill*         0x08004bde        0x2 
 .text.__libc_init_array
                0x08004be0       0x48 /Applications/STM32CubeIDE.app/Contents/Eclipse/plugins/com.st.stm32cube.ide.mcu.externaltools.gnu-tools-for-stm32.12.3.rel1.macos64_1.0.200.202406191456/tools/bin/../lib/gcc/arm-none-eabi/12.3.1/../../../../arm-none-eabi/lib/thumb/v7e-m+dp/hard/libc_nano.a(libc_a-init.o)
                0x08004be0                __libc_init_array
 *(.glue_7)
 .glue_7        0x08004c28        0x0 linker stubs
 *(.glue_7t)
 .glue_7t       0x08004c28        0x0 linker stubs
 *(.eh_frame)
 .eh_frame      0x08004c28        0x0 /Applications/STM32CubeIDE.app/Contents/Eclipse/plugins/com.st.stm32cube.ide.mcu.externaltools.gnu-tools-for-stm32.12.3.rel1.macos64_1.0.200.202406191456/tools/bin/../lib/gcc/arm-none-eabi/12.3.1/thumb/v7e-m+dp/hard/crtbegin.o
 *(.init)
 .init          0x08004c28        0x4 /Applications/STM32CubeIDE.app/Contents/Eclipse/plugins/com.st.stm32cube.ide.mcu.externaltools.gnu-tools-for-stm32.12.3.rel1.macos64_1.0.200.202406191456/tools/bin/../lib/gcc/arm-none-eabi/12.3.1/thumb/v7e-m+dp/hard/crti.o
                0x08004c28                _init
 .init          0x08004c2c        0x8 /Applications/STM32CubeIDE.app/Contents/Eclipse/plugins/com.st.stm32cube.ide.mcu.externaltools.gnu-tools-for-stm32.12.3.rel1.macos64_1.0.200.202406191456/tools/bin/../lib/gcc/arm-none-eabi/12.3.1/thumb/v7e-m+dp/hard/crtn.o
 *(.fini)
 .fini          0x08004c34        0x4 /Applications/STM32CubeIDE.app/Contents/Eclipse/plugins/com.st.stm32cube.ide.mcu.externaltools.gnu-tools-for-stm32.12.3.rel1.macos64_1.0.200.202406191456/tools/bin/../lib/gcc/arm-none-eabi/12.3.1/thumb/v7e-m+dp/hard/crti.o
                0x08004c34                _fini
 .fini          0x08004c38        0x8 /Applications/STM32CubeIDE.app/Contents/Eclipse/plugins/com.st.stm32cube.ide.mcu.externaltools.gnu-tools-for-stm32.12.3.rel1.macos64_1.0.200.202406191456/tools/bin/../lib/gcc/arm-none-eabi/12.3.1/thumb/v7e-m+dp/hard/crtn.o
                0x08004c40                        . = ALIGN (0x4)
                0x08004c40                        _etext = .

.vfp11_veneer   0x08004c40        0x0
 .vfp11_veneer  0x08004c40        0x0 linker stubs

.v4_bx          0x08004c40        0x0
 .v4_bx         0x08004c40        0x0 linker stubs

.iplt           0x08004c40        0x0
 .iplt          0x08004c40        0x0 /Applications/STM32CubeIDE.app/Contents/Eclipse/plugins/com.st.stm32cube.ide.mcu.externaltools.gnu-tools-for-stm32.12.3.rel1.macos64_1.0.200.202406191456/tools/bin/../lib/gcc/arm-none-eabi/12.3.1/thumb/v7e-m+dp/hard/crtbegin.o

.rodata         0x08004c40       0x18
                0x08004c40                        . = ALIGN (0x4)
 *(.rodata)
 *(.rodata*)
 .rodata.AHBPrescTable
                0x08004c40       0x10 ./Core/Src/system_stm32f7xx.o
                0x08004c40                AHBPrescTable
 .rodata.APBPrescTable
                0x08004c50        0x8 ./Core/Src/system_stm32f7xx.o
                0x08004c50                APBPrescTable
                0x08004c58                        . = ALIGN (0x4)

.ARM.extab      0x08004c58        0x0
                0x08004c58                        . = ALIGN (0x4)
 *(.ARM.extab* .gnu.linkonce.armextab.*)
                0x08004c58                        . = ALIGN (0x4)

.ARM            0x08004c58        0x8
                0x08004c58                        . = ALIGN (0x4)
                0x08004c58                        __exidx_start = .
 *(.ARM.exidx*)
 .ARM.exidx     0x08004c58        0x8 /Applications/STM32CubeIDE.app/Contents/Eclipse/plugins/com.st.stm32cube.ide.mcu.externaltools.gnu-tools-for-stm32.12.3.rel1.macos64_1.0.200.202406191456/tools/bin/../lib/gcc/arm-none-eabi/12.3.1/thumb/v7e-m+dp/hard/libgcc.a(_udivmoddi4.o)
                0x08004c60                        __exidx_end = .
                0x08004c60                        . = ALIGN (0x4)

.preinit_array  0x08004c60        0x0
                0x08004c60                        . = ALIGN (0x4)
                0x08004c60                        PROVIDE (__preinit_array_start = .)
 *(.preinit_array*)
                0x08004c60                        PROVIDE (__preinit_array_end = .)
                0x08004c60                        . = ALIGN (0x4)

.init_array     0x08004c60        0x4
                0x08004c60                        . = ALIGN (0x4)
                0x08004c60                        PROVIDE (__init_array_start = .)
 *(SORT_BY_NAME(.init_array.*))
 *(.init_array*)
 .init_array    0x08004c60        0x4 /Applications/STM32CubeIDE.app/Contents/Eclipse/plugins/com.st.stm32cube.ide.mcu.externaltools.gnu-tools-for-stm32.12.3.rel1.macos64_1.0.200.202406191456/tools/bin/../lib/gcc/arm-none-eabi/12.3.1/thumb/v7e-m+dp/hard/crtbegin.o
                0x08004c64                        PROVIDE (__init_array_end = .)
                0x08004c64                        . = ALIGN (0x4)

.fini_array     0x08004c64        0x4
                0x08004c64                        . = ALIGN (0x4)
                [!provide]                        PROVIDE (__fini_array_start = .)
 *(SORT_BY_NAME(.fini_array.*))
 *(.fini_array*)
 .fini_array    0x08004c64        0x4 /Applications/STM32CubeIDE.app/Contents/Eclipse/plugins/com.st.stm32cube.ide.mcu.externaltools.gnu-tools-for-stm32.12.3.rel1.macos64_1.0.200.202406191456/tools/bin/../lib/gcc/arm-none-eabi/12.3.1/thumb/v7e-m+dp/hard/crtbegin.o
                [!provide]                        PROVIDE (__fini_array_end = .)
                0x08004c68                        . = ALIGN (0x4)
                0x08004c68                        _sidata = LOADADDR (.data)

.rel.dyn        0x08004c68        0x0
 .rel.iplt      0x08004c68        0x0 /Applications/STM32CubeIDE.app/Contents/Eclipse/plugins/com.st.stm32cube.ide.mcu.externaltools.gnu-tools-for-stm32.12.3.rel1.macos64_1.0.200.202406191456/tools/bin/../lib/gcc/arm-none-eabi/12.3.1/thumb/v7e-m+dp/hard/crtbegin.o

.data           0x20000000        0xc load address 0x08004c68
                0x20000000                        . = ALIGN (0x4)
                0x20000000                        _sdata = .
 *(.data)
 *(.data*)
 .data.SystemCoreClock
                0x20000000        0x4 ./Core/Src/system_stm32f7xx.o
                0x20000000                SystemCoreClock
 .data.uwTickPrio
                0x20000004        0x4 ./Drivers/STM32F7xx_HAL_Driver/Src/stm32f7xx_hal.o
                0x20000004                uwTickPrio
 .data.uwTickFreq
                0x20000008        0x1 ./Drivers/STM32F7xx_HAL_Driver/Src/stm32f7xx_hal.o
                0x20000008                uwTickFreq
 *(.RamFunc)
 *(.RamFunc*)
                0x2000000c                        . = ALIGN (0x4)
 *fill*         0x20000009        0x3 
                0x2000000c                        _edata = .

.igot.plt       0x2000000c        0x0 load address 0x08004c74
 .igot.plt      0x2000000c        0x0 /Applications/STM32CubeIDE.app/Contents/Eclipse/plugins/com.st.stm32cube.ide.mcu.externaltools.gnu-tools-for-stm32.12.3.rel1.macos64_1.0.200.202406191456/tools/bin/../lib/gcc/arm-none-eabi/12.3.1/thumb/v7e-m+dp/hard/crtbegin.o
                0x2000000c                        . = ALIGN (0x4)

.bss            0x2000000c      0x104 load address 0x08004c74
                0x2000000c                        _sbss = .
                0x2000000c                        __bss_start__ = _sbss
 *(.bss)
 .bss           0x2000000c       0x1c /Applications/STM32CubeIDE.app/Contents/Eclipse/plugins/com.st.stm32cube.ide.mcu.externaltools.gnu-tools-for-stm32.12.3.rel1.macos64_1.0.200.202406191456/tools/bin/../lib/gcc/arm-none-eabi/12.3.1/thumb/v7e-m+dp/hard/crtbegin.o
 *(.bss*)
 .bss.pwm_r     0x20000028        0x1 ./Core/Src/main.o
                0x20000028                pwm_r
 .bss.pwm_g     0x20000029        0x1 ./Core/Src/main.o
                0x20000029                pwm_g
 .bss.pwm_b     0x2000002a        0x1 ./Core/Src/main.o
                0x2000002a                pwm_b
 *fill*         0x2000002b        0x1 
 .bss.rCycle    0x2000002c        0x4 ./Core/Src/main.o
                0x2000002c                rCycle
 .bss.gCycle    0x20000030        0x4 ./Core/Src/main.o
                0x20000030                gCycle
 .bss.bCycle    0x20000034        0x4 ./Core/Src/main.o
                0x20000034                bCycle
 .bss.htim2     0x20000038       0x4c ./Core/Src/tim.o
                0x20000038                htim2
 .bss.huart3    0x20000084       0x88 ./Core/Src/usart.o
                0x20000084                huart3
 .bss.uwTick    0x2000010c        0x4 ./Drivers/STM32F7xx_HAL_Driver/Src/stm32f7xx_hal.o
                0x2000010c                uwTick
 *(COMMON)
                0x20000110                        . = ALIGN (0x4)
                0x20000110                        _ebss = .
                0x20000110                        __bss_end__ = _ebss

._user_heap_stack
                0x20000110      0x600 load address 0x08004c74
                0x20000110                        . = ALIGN (0x8)
                [!provide]                        PROVIDE (end = .)
                0x20000110                        PROVIDE (_end = .)
                0x20000310                        . = (. + _Min_Heap_Size)
 *fill*         0x20000110      0x200 
                0x20000710                        . = (. + _Min_Stack_Size)
 *fill*         0x20000310      0x400 
                0x20000710                        . = ALIGN (0x8)

/DISCARD/
 libc.a(*)
 libm.a(*)
 libgcc.a(*)

.ARM.attributes
                0x00000000       0x2e
 *(.ARM.attributes)
 .ARM.attributes
                0x00000000       0x20 /Applications/STM32CubeIDE.app/Contents/Eclipse/plugins/com.st.stm32cube.ide.mcu.externaltools.gnu-tools-for-stm32.12.3.rel1.macos64_1.0.200.202406191456/tools/bin/../lib/gcc/arm-none-eabi/12.3.1/thumb/v7e-m+dp/hard/crti.o
 .ARM.attributes
                0x00000020       0x32 /Applications/STM32CubeIDE.app/Contents/Eclipse/plugins/com.st.stm32cube.ide.mcu.externaltools.gnu-tools-for-stm32.12.3.rel1.macos64_1.0.200.202406191456/tools/bin/../lib/gcc/arm-none-eabi/12.3.1/thumb/v7e-m+dp/hard/crtbegin.o
 .ARM.attributes
                0x00000052       0x32 ./Core/Src/gpio.o
 .ARM.attributes
                0x00000084       0x32 ./Core/Src/main.o
 .ARM.attributes
                0x000000b6       0x32 ./Core/Src/stm32f7xx_hal_msp.o
 .ARM.attributes
                0x000000e8       0x32 ./Core/Src/stm32f7xx_it.o
 .ARM.attributes
                0x0000011a       0x32 ./Core/Src/system_stm32f7xx.o
 .ARM.attributes
                0x0000014c       0x32 ./Core/Src/tim.o
 .ARM.attributes
                0x0000017e       0x32 ./Core/Src/usart.o
 .ARM.attributes
                0x000001b0       0x21 ./Core/Startup/startup_stm32f767zitx.o
 .ARM.attributes
                0x000001d1       0x32 ./Drivers/STM32F7xx_HAL_Driver/Src/stm32f7xx_hal.o
 .ARM.attributes
                0x00000203       0x32 ./Drivers/STM32F7xx_HAL_Driver/Src/stm32f7xx_hal_cortex.o
 .ARM.attributes
                0x00000235       0x32 ./Drivers/STM32F7xx_HAL_Driver/Src/stm32f7xx_hal_dma.o
 .ARM.attributes
                0x00000267       0x32 ./Drivers/STM32F7xx_HAL_Driver/Src/stm32f7xx_hal_gpio.o
 .ARM.attributes
                0x00000299       0x32 ./Drivers/STM32F7xx_HAL_Driver/Src/stm32f7xx_hal_pwr_ex.o
 .ARM.attributes
                0x000002cb       0x32 ./Drivers/STM32F7xx_HAL_Driver/Src/stm32f7xx_hal_rcc.o
 .ARM.attributes
                0x000002fd       0x32 ./Drivers/STM32F7xx_HAL_Driver/Src/stm32f7xx_hal_rcc_ex.o
 .ARM.attributes
                0x0000032f       0x32 ./Drivers/STM32F7xx_HAL_Driver/Src/stm32f7xx_hal_tim.o
 .ARM.attributes
                0x00000361       0x32 ./Drivers/STM32F7xx_HAL_Driver/Src/stm32f7xx_hal_tim_ex.o
 .ARM.attributes
                0x00000393       0x32 ./Drivers/STM32F7xx_HAL_Driver/Src/stm32f7xx_hal_uart.o
 .ARM.attributes
                0x000003c5       0x32 /Applications/STM32CubeIDE.app/Contents/Eclipse/plugins/com.st.stm32cube.ide.mcu.externaltools.gnu-tools-for-stm32.12.3.rel1.macos64_1.0.200.202406191456/tools/bin/../lib/gcc/arm-none-eabi/12.3.1/../../../../arm-none-eabi/lib/thumb/v7e-m+dp/hard/libc_nano.a(libc_a-memset.o)
 .ARM.attributes
                0x000003f7       0x32 /Applications/STM32CubeIDE.app/Contents/Eclipse/plugins/com.st.stm32cube.ide.mcu.externaltools.gnu-tools-for-stm32.12.3.rel1.macos64_1.0.200.202406191456/tools/bin/../lib/gcc/arm-none-eabi/12.3.1/../../../../arm-none-eabi/lib/thumb/v7e-m+dp/hard/libc_nano.a(libc_a-init.o)
 .ARM.attributes
                0x00000429       0x20 /Applications/STM32CubeIDE.app/Contents/Eclipse/plugins/com.st.stm32cube.ide.mcu.externaltools.gnu-tools-for-stm32.12.3.rel1.macos64_1.0.200.202406191456/tools/bin/../lib/gcc/arm-none-eabi/12.3.1/thumb/v7e-m+dp/hard/libgcc.a(_aeabi_uldivmod.o)
 .ARM.attributes
                0x00000449       0x32 /Applications/STM32CubeIDE.app/Contents/Eclipse/plugins/com.st.stm32cube.ide.mcu.externaltools.gnu-tools-for-stm32.12.3.rel1.macos64_1.0.200.202406191456/tools/bin/../lib/gcc/arm-none-eabi/12.3.1/thumb/v7e-m+dp/hard/libgcc.a(_udivmoddi4.o)
 .ARM.attributes
                0x0000047b       0x20 /Applications/STM32CubeIDE.app/Contents/Eclipse/plugins/com.st.stm32cube.ide.mcu.externaltools.gnu-tools-for-stm32.12.3.rel1.macos64_1.0.200.202406191456/tools/bin/../lib/gcc/arm-none-eabi/12.3.1/thumb/v7e-m+dp/hard/libgcc.a(_dvmd_tls.o)
 .ARM.attributes
                0x0000049b       0x20 /Applications/STM32CubeIDE.app/Contents/Eclipse/plugins/com.st.stm32cube.ide.mcu.externaltools.gnu-tools-for-stm32.12.3.rel1.macos64_1.0.200.202406191456/tools/bin/../lib/gcc/arm-none-eabi/12.3.1/thumb/v7e-m+dp/hard/crtn.o
OUTPUT(Lab_07.elf elf32-littlearm)
LOAD linker stubs
LOAD /Applications/STM32CubeIDE.app/Contents/Eclipse/plugins/com.st.stm32cube.ide.mcu.externaltools.gnu-tools-for-stm32.12.3.rel1.macos64_1.0.200.202406191456/tools/bin/../lib/gcc/arm-none-eabi/12.3.1/../../../../arm-none-eabi/lib/thumb/v7e-m+dp/hard/libc.a
LOAD /Applications/STM32CubeIDE.app/Contents/Eclipse/plugins/com.st.stm32cube.ide.mcu.externaltools.gnu-tools-for-stm32.12.3.rel1.macos64_1.0.200.202406191456/tools/bin/../lib/gcc/arm-none-eabi/12.3.1/../../../../arm-none-eabi/lib/thumb/v7e-m+dp/hard/libm.a
LOAD /Applications/STM32CubeIDE.app/Contents/Eclipse/plugins/com.st.stm32cube.ide.mcu.externaltools.gnu-tools-for-stm32.12.3.rel1.macos64_1.0.200.202406191456/tools/bin/../lib/gcc/arm-none-eabi/12.3.1/thumb/v7e-m+dp/hard/libgcc.a

.debug_info     0x00000000    0x10079
 .debug_info    0x00000000      0x2a8 ./Core/Src/gpio.o
 .debug_info    0x000002a8     0x11a3 ./Core/Src/main.o
 .debug_info    0x0000144b      0x28d ./Core/Src/stm32f7xx_hal_msp.o
 .debug_info    0x000016d8      0x71e ./Core/Src/stm32f7xx_it.o
 .debug_info    0x00001df6      0x6ed ./Core/Src/system_stm32f7xx.o
 .debug_info    0x000024e3      0xc9d ./Core/Src/tim.o
 .debug_info    0x00003180      0xf92 ./Core/Src/usart.o
 .debug_info    0x00004112       0x30 ./Core/Startup/startup_stm32f767zitx.o
 .debug_info    0x00004142      0xa4c ./Drivers/STM32F7xx_HAL_Driver/Src/stm32f7xx_hal.o
 .debug_info    0x00004b8e      0xfc0 ./Drivers/STM32F7xx_HAL_Driver/Src/stm32f7xx_hal_cortex.o
 .debug_info    0x00005b4e      0x8e7 ./Drivers/STM32F7xx_HAL_Driver/Src/stm32f7xx_hal_dma.o
 .debug_info    0x00006435      0x6f3 ./Drivers/STM32F7xx_HAL_Driver/Src/stm32f7xx_hal_gpio.o
 .debug_info    0x00006b28      0x8cd ./Drivers/STM32F7xx_HAL_Driver/Src/stm32f7xx_hal_pwr_ex.o
 .debug_info    0x000073f5      0x937 ./Drivers/STM32F7xx_HAL_Driver/Src/stm32f7xx_hal_rcc.o
 .debug_info    0x00007d2c      0x6e1 ./Drivers/STM32F7xx_HAL_Driver/Src/stm32f7xx_hal_rcc_ex.o
 .debug_info    0x0000840d     0x2ad5 ./Drivers/STM32F7xx_HAL_Driver/Src/stm32f7xx_hal_tim.o
 .debug_info    0x0000aee2     0x16bb ./Drivers/STM32F7xx_HAL_Driver/Src/stm32f7xx_hal_tim_ex.o
 .debug_info    0x0000c59d     0x3adc ./Drivers/STM32F7xx_HAL_Driver/Src/stm32f7xx_hal_uart.o

.debug_abbrev   0x00000000     0x2338
 .debug_abbrev  0x00000000       0xd8 ./Core/Src/gpio.o
 .debug_abbrev  0x000000d8      0x2b3 ./Core/Src/main.o
 .debug_abbrev  0x0000038b       0xd8 ./Core/Src/stm32f7xx_hal_msp.o
 .debug_abbrev  0x00000463      0x174 ./Core/Src/stm32f7xx_it.o
 .debug_abbrev  0x000005d7      0x13b ./Core/Src/system_stm32f7xx.o
 .debug_abbrev  0x00000712      0x224 ./Core/Src/tim.o
 .debug_abbrev  0x00000936      0x218 ./Core/Src/usart.o
 .debug_abbrev  0x00000b4e       0x24 ./Core/Startup/startup_stm32f767zitx.o
 .debug_abbrev  0x00000b72      0x213 ./Drivers/STM32F7xx_HAL_Driver/Src/stm32f7xx_hal.o
 .debug_abbrev  0x00000d85      0x31e ./Drivers/STM32F7xx_HAL_Driver/Src/stm32f7xx_hal_cortex.o
 .debug_abbrev  0x000010a3      0x264 ./Drivers/STM32F7xx_HAL_Driver/Src/stm32f7xx_hal_dma.o
 .debug_abbrev  0x00001307      0x1d4 ./Drivers/STM32F7xx_HAL_Driver/Src/stm32f7xx_hal_gpio.o
 .debug_abbrev  0x000014db      0x1d5 ./Drivers/STM32F7xx_HAL_Driver/Src/stm32f7xx_hal_pwr_ex.o
 .debug_abbrev  0x000016b0      0x2de ./Drivers/STM32F7xx_HAL_Driver/Src/stm32f7xx_hal_rcc.o
 .debug_abbrev  0x0000198e      0x1c9 ./Drivers/STM32F7xx_HAL_Driver/Src/stm32f7xx_hal_rcc_ex.o
 .debug_abbrev  0x00001b57      0x278 ./Drivers/STM32F7xx_HAL_Driver/Src/stm32f7xx_hal_tim.o
 .debug_abbrev  0x00001dcf      0x283 ./Drivers/STM32F7xx_HAL_Driver/Src/stm32f7xx_hal_tim_ex.o
 .debug_abbrev  0x00002052      0x2e6 ./Drivers/STM32F7xx_HAL_Driver/Src/stm32f7xx_hal_uart.o

.debug_aranges  0x00000000      0xda0
 .debug_aranges
                0x00000000       0x20 ./Core/Src/gpio.o
 .debug_aranges
                0x00000020       0x38 ./Core/Src/main.o
 .debug_aranges
                0x00000058       0x20 ./Core/Src/stm32f7xx_hal_msp.o
 .debug_aranges
                0x00000078       0x68 ./Core/Src/stm32f7xx_it.o
 .debug_aranges
                0x000000e0       0x28 ./Core/Src/system_stm32f7xx.o
 .debug_aranges
                0x00000108       0x38 ./Core/Src/tim.o
 .debug_aranges
                0x00000140       0x30 ./Core/Src/usart.o
 .debug_aranges
                0x00000170       0x28 ./Core/Startup/startup_stm32f767zitx.o
 .debug_aranges
                0x00000198      0x110 ./Drivers/STM32F7xx_HAL_Driver/Src/stm32f7xx_hal.o
 .debug_aranges
                0x000002a8      0x128 ./Drivers/STM32F7xx_HAL_Driver/Src/stm32f7xx_hal_cortex.o
 .debug_aranges
                0x000003d0       0x90 ./Drivers/STM32F7xx_HAL_Driver/Src/stm32f7xx_hal_dma.o
 .debug_aranges
                0x00000460       0x58 ./Drivers/STM32F7xx_HAL_Driver/Src/stm32f7xx_hal_gpio.o
 .debug_aranges
                0x000004b8       0x80 ./Drivers/STM32F7xx_HAL_Driver/Src/stm32f7xx_hal_pwr_ex.o
 .debug_aranges
                0x00000538       0x88 ./Drivers/STM32F7xx_HAL_Driver/Src/stm32f7xx_hal_rcc.o
 .debug_aranges
                0x000005c0       0x50 ./Drivers/STM32F7xx_HAL_Driver/Src/stm32f7xx_hal_rcc_ex.o
 .debug_aranges
                0x00000610      0x3e0 ./Drivers/STM32F7xx_HAL_Driver/Src/stm32f7xx_hal_tim.o
 .debug_aranges
                0x000009f0      0x180 ./Drivers/STM32F7xx_HAL_Driver/Src/stm32f7xx_hal_tim_ex.o
 .debug_aranges
                0x00000b70      0x230 ./Drivers/STM32F7xx_HAL_Driver/Src/stm32f7xx_hal_uart.o

.debug_rnglists
                0x00000000      0xaa2
 .debug_rnglists
                0x00000000       0x13 ./Core/Src/gpio.o
 .debug_rnglists
                0x00000013       0x27 ./Core/Src/main.o
 .debug_rnglists
                0x0000003a       0x13 ./Core/Src/stm32f7xx_hal_msp.o
 .debug_rnglists
                0x0000004d       0x49 ./Core/Src/stm32f7xx_it.o
 .debug_rnglists
                0x00000096       0x1a ./Core/Src/system_stm32f7xx.o
 .debug_rnglists
                0x000000b0       0x27 ./Core/Src/tim.o
 .debug_rnglists
                0x000000d7       0x20 ./Core/Src/usart.o
 .debug_rnglists
                0x000000f7       0x19 ./Core/Startup/startup_stm32f767zitx.o
 .debug_rnglists
                0x00000110       0xc7 ./Drivers/STM32F7xx_HAL_Driver/Src/stm32f7xx_hal.o
 .debug_rnglists
                0x000001d7       0xda ./Drivers/STM32F7xx_HAL_Driver/Src/stm32f7xx_hal_cortex.o
 .debug_rnglists
                0x000002b1       0x70 ./Drivers/STM32F7xx_HAL_Driver/Src/stm32f7xx_hal_dma.o
 .debug_rnglists
                0x00000321       0x3f ./Drivers/STM32F7xx_HAL_Driver/Src/stm32f7xx_hal_gpio.o
 .debug_rnglists
                0x00000360       0x5f ./Drivers/STM32F7xx_HAL_Driver/Src/stm32f7xx_hal_pwr_ex.o
 .debug_rnglists
                0x000003bf       0x67 ./Drivers/STM32F7xx_HAL_Driver/Src/stm32f7xx_hal_rcc.o
 .debug_rnglists
                0x00000426       0x3c ./Drivers/STM32F7xx_HAL_Driver/Src/stm32f7xx_hal_rcc_ex.o
 .debug_rnglists
                0x00000462      0x328 ./Drivers/STM32F7xx_HAL_Driver/Src/stm32f7xx_hal_tim.o
 .debug_rnglists
                0x0000078a      0x138 ./Drivers/STM32F7xx_HAL_Driver/Src/stm32f7xx_hal_tim_ex.o
 .debug_rnglists
                0x000008c2      0x1e0 ./Drivers/STM32F7xx_HAL_Driver/Src/stm32f7xx_hal_uart.o

.debug_macro    0x00000000    0x27ef5
 .debug_macro   0x00000000      0x1f7 ./Core/Src/gpio.o
 .debug_macro   0x000001f7      0xacc ./Core/Src/gpio.o
 .debug_macro   0x00000cc3      0x293 ./Core/Src/gpio.o
 .debug_macro   0x00000f56       0x2e ./Core/Src/gpio.o
 .debug_macro   0x00000f84       0x3b ./Core/Src/gpio.o
 .debug_macro   0x00000fbf       0x22 ./Core/Src/gpio.o
 .debug_macro   0x00000fe1       0x8e ./Core/Src/gpio.o
 .debug_macro   0x0000106f       0x51 ./Core/Src/gpio.o
 .debug_macro   0x000010c0      0x103 ./Core/Src/gpio.o
 .debug_macro   0x000011c3       0x6a ./Core/Src/gpio.o
 .debug_macro   0x0000122d      0x1df ./Core/Src/gpio.o
 .debug_macro   0x0000140c       0x1c ./Core/Src/gpio.o
 .debug_macro   0x00001428       0x22 ./Core/Src/gpio.o
 .debug_macro   0x0000144a       0xd9 ./Core/Src/gpio.o
 .debug_macro   0x00001523     0x12cd ./Core/Src/gpio.o
 .debug_macro   0x000027f0      0x11f ./Core/Src/gpio.o
 .debug_macro   0x0000290f       0x19 ./Core/Src/gpio.o
 .debug_macro   0x00002928    0x1aa23 ./Core/Src/gpio.o
 .debug_macro   0x0001d34b       0x6d ./Core/Src/gpio.o
 .debug_macro   0x0001d3b8     0x3765 ./Core/Src/gpio.o
 .debug_macro   0x00020b1d      0x189 ./Core/Src/gpio.o
 .debug_macro   0x00020ca6       0x63 ./Core/Src/gpio.o
 .debug_macro   0x00020d09     0x1add ./Core/Src/gpio.o
 .debug_macro   0x000227e6      0x6c4 ./Core/Src/gpio.o
 .debug_macro   0x00022eaa      0x18b ./Core/Src/gpio.o
 .debug_macro   0x00023035      0x115 ./Core/Src/gpio.o
 .debug_macro   0x0002314a      0x26e ./Core/Src/gpio.o
 .debug_macro   0x000233b8       0xa5 ./Core/Src/gpio.o
 .debug_macro   0x0002345d      0x24f ./Core/Src/gpio.o
 .debug_macro   0x000236ac       0x71 ./Core/Src/gpio.o
 .debug_macro   0x0002371d       0x58 ./Core/Src/gpio.o
 .debug_macro   0x00023775      0x236 ./Core/Src/gpio.o
 .debug_macro   0x000239ab      0x14e ./Core/Src/gpio.o
 .debug_macro   0x00023af9      0x3db ./Core/Src/gpio.o
 .debug_macro   0x00023ed4       0x12 ./Core/Src/gpio.o
 .debug_macro   0x00023ee6      0x22c ./Core/Src/gpio.o
 .debug_macro   0x00024112       0x61 ./Core/Src/gpio.o
 .debug_macro   0x00024173       0xa5 ./Core/Src/gpio.o
 .debug_macro   0x00024218      0x12e ./Core/Src/gpio.o
 .debug_macro   0x00024346      0x108 ./Core/Src/gpio.o
 .debug_macro   0x0002444e       0x35 ./Core/Src/gpio.o
 .debug_macro   0x00024483      0xa91 ./Core/Src/gpio.o
 .debug_macro   0x00024f14       0xa9 ./Core/Src/gpio.o
 .debug_macro   0x00024fbd      0x5ba ./Core/Src/gpio.o
 .debug_macro   0x00025577       0x44 ./Core/Src/gpio.o
 .debug_macro   0x000255bb      0x15b ./Core/Src/gpio.o
 .debug_macro   0x00025716      0x2dd ./Core/Src/main.o
 .debug_macro   0x000259f3       0x61 ./Core/Src/main.o
 .debug_macro   0x00025a54       0x29 ./Core/Src/main.o
 .debug_macro   0x00025a7d       0x43 ./Core/Src/main.o
 .debug_macro   0x00025ac0       0x34 ./Core/Src/main.o
 .debug_macro   0x00025af4       0x16 ./Core/Src/main.o
 .debug_macro   0x00025b0a       0x43 ./Core/Src/main.o
 .debug_macro   0x00025b4d       0x34 ./Core/Src/main.o
 .debug_macro   0x00025b81       0x10 ./Core/Src/main.o
 .debug_macro   0x00025b91       0x58 ./Core/Src/main.o
 .debug_macro   0x00025be9       0x8e ./Core/Src/main.o
 .debug_macro   0x00025c77       0x1c ./Core/Src/main.o
 .debug_macro   0x00025c93      0x177 ./Core/Src/main.o
 .debug_macro   0x00025e0a      0x369 ./Core/Src/main.o
 .debug_macro   0x00026173       0x10 ./Core/Src/main.o
 .debug_macro   0x00026183       0x35 ./Core/Src/main.o
 .debug_macro   0x000261b8       0x20 ./Core/Src/main.o
 .debug_macro   0x000261d8      0x1ed ./Core/Src/stm32f7xx_hal_msp.o
 .debug_macro   0x000263c5      0x1f7 ./Core/Src/stm32f7xx_it.o
 .debug_macro   0x000265bc      0x1e3 ./Core/Src/system_stm32f7xx.o
 .debug_macro   0x0002679f      0x1f7 ./Core/Src/tim.o
 .debug_macro   0x00026996      0x1f7 ./Core/Src/usart.o
 .debug_macro   0x00026b8d      0x207 ./Drivers/STM32F7xx_HAL_Driver/Src/stm32f7xx_hal.o
 .debug_macro   0x00026d94      0x1e3 ./Drivers/STM32F7xx_HAL_Driver/Src/stm32f7xx_hal_cortex.o
 .debug_macro   0x00026f77      0x1e9 ./Drivers/STM32F7xx_HAL_Driver/Src/stm32f7xx_hal_dma.o
 .debug_macro   0x00027160      0x1e9 ./Drivers/STM32F7xx_HAL_Driver/Src/stm32f7xx_hal_gpio.o
 .debug_macro   0x00027349      0x1fb ./Drivers/STM32F7xx_HAL_Driver/Src/stm32f7xx_hal_pwr_ex.o
 .debug_macro   0x00027544      0x207 ./Drivers/STM32F7xx_HAL_Driver/Src/stm32f7xx_hal_rcc.o
 .debug_macro   0x0002774b      0x1e3 ./Drivers/STM32F7xx_HAL_Driver/Src/stm32f7xx_hal_rcc_ex.o
 .debug_macro   0x0002792e      0x1e4 ./Drivers/STM32F7xx_HAL_Driver/Src/stm32f7xx_hal_tim.o
 .debug_macro   0x00027b12      0x1e3 ./Drivers/STM32F7xx_HAL_Driver/Src/stm32f7xx_hal_tim_ex.o
 .debug_macro   0x00027cf5      0x200 ./Drivers/STM32F7xx_HAL_Driver/Src/stm32f7xx_hal_uart.o

.debug_line     0x00000000    0x11b42
 .debug_line    0x00000000      0x70c ./Core/Src/gpio.o
 .debug_line    0x0000070c      0xa03 ./Core/Src/main.o
 .debug_line    0x0000110f      0x70f ./Core/Src/stm32f7xx_hal_msp.o
 .debug_line    0x0000181e      0x7e9 ./Core/Src/stm32f7xx_it.o
 .debug_line    0x00002007      0x791 ./Core/Src/system_stm32f7xx.o
 .debug_line    0x00002798      0x803 ./Core/Src/tim.o
 .debug_line    0x00002f9b      0x793 ./Core/Src/usart.o
 .debug_line    0x0000372e       0x7a ./Core/Startup/startup_stm32f767zitx.o
 .debug_line    0x000037a8      0xa61 ./Drivers/STM32F7xx_HAL_Driver/Src/stm32f7xx_hal.o
 .debug_line    0x00004209      0xcd3 ./Drivers/STM32F7xx_HAL_Driver/Src/stm32f7xx_hal_cortex.o
 .debug_line    0x00004edc      0xf80 ./Drivers/STM32F7xx_HAL_Driver/Src/stm32f7xx_hal_dma.o
 .debug_line    0x00005e5c      0xbb7 ./Drivers/STM32F7xx_HAL_Driver/Src/stm32f7xx_hal_gpio.o
 .debug_line    0x00006a13      0x9b5 ./Drivers/STM32F7xx_HAL_Driver/Src/stm32f7xx_hal_pwr_ex.o
 .debug_line    0x000073c8      0xe8f ./Drivers/STM32F7xx_HAL_Driver/Src/stm32f7xx_hal_rcc.o
 .debug_line    0x00008257      0xe68 ./Drivers/STM32F7xx_HAL_Driver/Src/stm32f7xx_hal_rcc_ex.o
 .debug_line    0x000090bf     0x3ceb ./Drivers/STM32F7xx_HAL_Driver/Src/stm32f7xx_hal_tim.o
 .debug_line    0x0000cdaa     0x1bf6 ./Drivers/STM32F7xx_HAL_Driver/Src/stm32f7xx_hal_tim_ex.o
 .debug_line    0x0000e9a0     0x31a2 ./Drivers/STM32F7xx_HAL_Driver/Src/stm32f7xx_hal_uart.o

.debug_str      0x00000000    0xfad43
 .debug_str     0x00000000    0xf36c7 ./Core/Src/gpio.o
                              0xf3d88 (size before relaxing)
 .debug_str     0x000f36c7     0x3bc1 ./Core/Src/main.o
                              0xf7a64 (size before relaxing)
 .debug_str     0x000f7288       0x2c ./Core/Src/stm32f7xx_hal_msp.o
                              0xf3d88 (size before relaxing)
 .debug_str     0x000f72b4       0xef ./Core/Src/stm32f7xx_it.o
                              0xf41cd (size before relaxing)
 .debug_str     0x000f73a3      0x1a4 ./Core/Src/system_stm32f7xx.o
                              0xf3f01 (size before relaxing)
 .debug_str     0x000f7547      0x243 ./Core/Src/tim.o
                              0xf45ca (size before relaxing)
 .debug_str     0x000f778a      0x95f ./Core/Src/usart.o
                              0xf4c97 (size before relaxing)
 .debug_str     0x000f80e9       0x44 ./Core/Startup/startup_stm32f767zitx.o
                                 0x74 (size before relaxing)
 .debug_str     0x000f812d      0x447 ./Drivers/STM32F7xx_HAL_Driver/Src/stm32f7xx_hal.o
                              0xf4941 (size before relaxing)
 .debug_str     0x000f8574      0x2a9 ./Drivers/STM32F7xx_HAL_Driver/Src/stm32f7xx_hal_cortex.o
                              0xf4923 (size before relaxing)
 .debug_str     0x000f881d      0x32e ./Drivers/STM32F7xx_HAL_Driver/Src/stm32f7xx_hal_dma.o
                              0xf4240 (size before relaxing)
 .debug_str     0x000f8b4b      0x141 ./Drivers/STM32F7xx_HAL_Driver/Src/stm32f7xx_hal_gpio.o
                              0xf3fbf (size before relaxing)
 .debug_str     0x000f8c8c      0x1d1 ./Drivers/STM32F7xx_HAL_Driver/Src/stm32f7xx_hal_pwr_ex.o
                              0xf4170 (size before relaxing)
 .debug_str     0x000f8e5d      0x260 ./Drivers/STM32F7xx_HAL_Driver/Src/stm32f7xx_hal_rcc.o
                              0xf427c (size before relaxing)
 .debug_str     0x000f90bd      0x147 ./Drivers/STM32F7xx_HAL_Driver/Src/stm32f7xx_hal_rcc_ex.o
                              0xf41df (size before relaxing)
 .debug_str     0x000f9204      0xd93 ./Drivers/STM32F7xx_HAL_Driver/Src/stm32f7xx_hal_tim.o
                              0xf5224 (size before relaxing)
 .debug_str     0x000f9f97      0x57a ./Drivers/STM32F7xx_HAL_Driver/Src/stm32f7xx_hal_tim_ex.o
                              0xf4b2a (size before relaxing)
 .debug_str     0x000fa511      0x832 ./Drivers/STM32F7xx_HAL_Driver/Src/stm32f7xx_hal_uart.o
                              0xf4bca (size before relaxing)

.comment        0x00000000       0x43
 .comment       0x00000000       0x43 ./Core/Src/gpio.o
                                 0x44 (size before relaxing)
 .comment       0x00000043       0x44 ./Core/Src/main.o
 .comment       0x00000043       0x44 ./Core/Src/stm32f7xx_hal_msp.o
 .comment       0x00000043       0x44 ./Core/Src/stm32f7xx_it.o
 .comment       0x00000043       0x44 ./Core/Src/system_stm32f7xx.o
 .comment       0x00000043       0x44 ./Core/Src/tim.o
 .comment       0x00000043       0x44 ./Core/Src/usart.o
 .comment       0x00000043       0x44 ./Drivers/STM32F7xx_HAL_Driver/Src/stm32f7xx_hal.o
 .comment       0x00000043       0x44 ./Drivers/STM32F7xx_HAL_Driver/Src/stm32f7xx_hal_cortex.o
 .comment       0x00000043       0x44 ./Drivers/STM32F7xx_HAL_Driver/Src/stm32f7xx_hal_dma.o
 .comment       0x00000043       0x44 ./Drivers/STM32F7xx_HAL_Driver/Src/stm32f7xx_hal_gpio.o
 .comment       0x00000043       0x44 ./Drivers/STM32F7xx_HAL_Driver/Src/stm32f7xx_hal_pwr_ex.o
 .comment       0x00000043       0x44 ./Drivers/STM32F7xx_HAL_Driver/Src/stm32f7xx_hal_rcc.o
 .comment       0x00000043       0x44 ./Drivers/STM32F7xx_HAL_Driver/Src/stm32f7xx_hal_rcc_ex.o
 .comment       0x00000043       0x44 ./Drivers/STM32F7xx_HAL_Driver/Src/stm32f7xx_hal_tim.o
 .comment       0x00000043       0x44 ./Drivers/STM32F7xx_HAL_Driver/Src/stm32f7xx_hal_tim_ex.o
 .comment       0x00000043       0x44 ./Drivers/STM32F7xx_HAL_Driver/Src/stm32f7xx_hal_uart.o

.debug_frame    0x00000000     0x3870
 .debug_frame   0x00000000       0x38 ./Core/Src/gpio.o
 .debug_frame   0x00000038       0x90 ./Core/Src/main.o
 .debug_frame   0x000000c8       0x38 ./Core/Src/stm32f7xx_hal_msp.o
 .debug_frame   0x00000100      0x120 ./Core/Src/stm32f7xx_it.o
 .debug_frame   0x00000220       0x58 ./Core/Src/system_stm32f7xx.o
 .debug_frame   0x00000278       0xa8 ./Core/Src/tim.o
 .debug_frame   0x00000320       0x78 ./Core/Src/usart.o
 .debug_frame   0x00000398      0x3f4 ./Drivers/STM32F7xx_HAL_Driver/Src/stm32f7xx_hal.o
 .debug_frame   0x0000078c      0x4e8 ./Drivers/STM32F7xx_HAL_Driver/Src/stm32f7xx_hal_cortex.o
 .debug_frame   0x00000c74      0x250 ./Drivers/STM32F7xx_HAL_Driver/Src/stm32f7xx_hal_dma.o
 .debug_frame   0x00000ec4      0x14c ./Drivers/STM32F7xx_HAL_Driver/Src/stm32f7xx_hal_gpio.o
 .debug_frame   0x00001010      0x1c8 ./Drivers/STM32F7xx_HAL_Driver/Src/stm32f7xx_hal_pwr_ex.o
 .debug_frame   0x000011d8      0x1f8 ./Drivers/STM32F7xx_HAL_Driver/Src/stm32f7xx_hal_rcc.o
 .debug_frame   0x000013d0      0x118 ./Drivers/STM32F7xx_HAL_Driver/Src/stm32f7xx_hal_rcc_ex.o
 .debug_frame   0x000014e8     0x121c ./Drivers/STM32F7xx_HAL_Driver/Src/stm32f7xx_hal_tim.o
 .debug_frame   0x00002704      0x6b0 ./Drivers/STM32F7xx_HAL_Driver/Src/stm32f7xx_hal_tim_ex.o
 .debug_frame   0x00002db4      0xa10 ./Drivers/STM32F7xx_HAL_Driver/Src/stm32f7xx_hal_uart.o
 .debug_frame   0x000037c4       0x20 /Applications/STM32CubeIDE.app/Contents/Eclipse/plugins/com.st.stm32cube.ide.mcu.externaltools.gnu-tools-for-stm32.12.3.rel1.macos64_1.0.200.202406191456/tools/bin/../lib/gcc/arm-none-eabi/12.3.1/../../../../arm-none-eabi/lib/thumb/v7e-m+dp/hard/libc_nano.a(libc_a-memset.o)
 .debug_frame   0x000037e4       0x2c /Applications/STM32CubeIDE.app/Contents/Eclipse/plugins/com.st.stm32cube.ide.mcu.externaltools.gnu-tools-for-stm32.12.3.rel1.macos64_1.0.200.202406191456/tools/bin/../lib/gcc/arm-none-eabi/12.3.1/../../../../arm-none-eabi/lib/thumb/v7e-m+dp/hard/libc_nano.a(libc_a-init.o)
 .debug_frame   0x00003810       0x2c /Applications/STM32CubeIDE.app/Contents/Eclipse/plugins/com.st.stm32cube.ide.mcu.externaltools.gnu-tools-for-stm32.12.3.rel1.macos64_1.0.200.202406191456/tools/bin/../lib/gcc/arm-none-eabi/12.3.1/thumb/v7e-m+dp/hard/libgcc.a(_aeabi_uldivmod.o)
 .debug_frame   0x0000383c       0x34 /Applications/STM32CubeIDE.app/Contents/Eclipse/plugins/com.st.stm32cube.ide.mcu.externaltools.gnu-tools-for-stm32.12.3.rel1.macos64_1.0.200.202406191456/tools/bin/../lib/gcc/arm-none-eabi/12.3.1/thumb/v7e-m+dp/hard/libgcc.a(_udivmoddi4.o)

.debug_line_str
                0x00000000       0x58
 .debug_line_str
                0x00000000       0x58 ./Core/Startup/startup_stm32f767zitx.o
