2024-08-16 00:07:34,128 [INFO] MainUpdater:2873 - connection check result : 10
2024-08-16 00:07:34,313 [INFO] McuFinderGlobals:76 - Set McuFinderConnectedMode to true
2024-08-16 00:07:34,317 [INFO] MultiScanPanel:200 - Auto-refresh data requested => check proxy status ongoing
2024-08-16 00:07:34,318 [INFO] FinderPluginLoader:95 - Searching for filters in installed packs
2024-08-16 00:07:35,393 [INFO] LoadUrlFilesThread:185 - End of LoadServerUrlFiles without Thread
2024-08-16 00:07:35,396 [INFO] DetailPanel:341 - Set advertising image to /Users/kitton/STM32Cube/Repository//en.prom-stm32h7rs-mcu-finder.jpg
2024-08-16 00:07:40,674 [INFO] McuResultTable:1403 - Unmark MCU STM32F767ZIT6 as favorite
2024-08-16 00:07:50,601 [INFO] MainUpdater:2873 - connection check result : 10
2024-08-16 00:07:50,601 [INFO] MainUpdater:2873 - connection check result : 10
2024-08-16 00:08:01,998 [INFO] MicroXplorer:468 - Change Database Path : 
2024-08-16 00:08:02,000 [INFO] MicroXplorer:498 - Change Database Version : DB.6.0.120
2024-08-16 00:08:02,030 [ERROR] ProjectManagerView:394 - 
java.lang.NullPointerException: Cannot invoke "javax.swing.JTextField.getText()" because the return value of "java.util.List.get(int)" is null
	at com.st.microxplorer.plugins.projectmanager.gui.ProjectChoiceTab$10.caretUpdate(ProjectChoiceTab.java:2622) ~[filemanager.jar:?]
	at javax.swing.text.JTextComponent.fireCaretUpdate(JTextComponent.java:412) ~[?:?]
	at javax.swing.text.JTextComponent$MutableCaretEvent.fire(JTextComponent.java:4491) ~[?:?]
	at javax.swing.text.JTextComponent$MutableCaretEvent.stateChanged(JTextComponent.java:4513) ~[?:?]
	at javax.swing.text.DefaultCaret.fireStateChanged(DefaultCaret.java:842) ~[?:?]
	at javax.swing.text.DefaultCaret.changeCaretPosition(DefaultCaret.java:1313) ~[?:?]
	at javax.swing.text.DefaultCaret.handleSetDot(DefaultCaret.java:1212) ~[?:?]
	at javax.swing.text.DefaultCaret.setDot(DefaultCaret.java:1193) ~[?:?]
	at javax.swing.text.DefaultCaret$Handler.insertUpdate(DefaultCaret.java:1789) ~[?:?]
	at javax.swing.text.AbstractDocument.fireInsertUpdate(AbstractDocument.java:226) ~[?:?]
	at javax.swing.text.AbstractDocument.handleInsertString(AbstractDocument.java:780) ~[?:?]
	at javax.swing.text.AbstractDocument.insertString(AbstractDocument.java:739) ~[?:?]
	at javax.swing.text.PlainDocument.insertString(PlainDocument.java:131) ~[?:?]
	at javax.swing.text.AbstractDocument.replace(AbstractDocument.java:698) ~[?:?]
	at javax.swing.text.JTextComponent.setText(JTextComponent.java:1729) ~[?:?]
	at com.st.microxplorer.plugins.projectmanager.gui.ProjectChoiceTab.createHeapStackFields(ProjectChoiceTab.java:972) ~[filemanager.jar:?]
	at com.st.microxplorer.plugins.projectmanager.gui.ProjectChoiceTab.buildLinkSettingsPanel(ProjectChoiceTab.java:3597) ~[filemanager.jar:?]
	at com.st.microxplorer.plugins.projectmanager.gui.ProjectChoiceTab.defineWindowsFields(ProjectChoiceTab.java:1940) ~[filemanager.jar:?]
	at com.st.microxplorer.plugins.projectmanager.gui.ProjectChoiceTab.updateSettings(ProjectChoiceTab.java:550) ~[filemanager.jar:?]
	at com.st.microxplorer.plugins.projectmanager.gui.ProjectSettingsPanel.UpdateDialog(ProjectSettingsPanel.java:245) ~[filemanager.jar:?]
	at com.st.microxplorer.plugins.projectmanager.ProjectManagerView.propertyChange(ProjectManagerView.java:391) ~[filemanager.jar:?]
	at java.beans.PropertyChangeSupport.fire(PropertyChangeSupport.java:343) ~[?:?]
	at java.beans.PropertyChangeSupport.firePropertyChange(PropertyChangeSupport.java:335) ~[?:?]
	at java.beans.PropertyChangeSupport.firePropertyChange(PropertyChangeSupport.java:268) ~[?:?]
	at com.st.microxplorer.util.MXPropertyChangeSupport.firePropertyChange(MXPropertyChangeSupport.java:54) ~[STM32CubeMX.jar:?]
	at com.st.microxplorer.mxsystem.MxSystem.closeConfig(MxSystem.java:900) ~[STM32CubeMX.jar:?]
	at com.st.microxplorer.maingui.MainPanel.closeConfig(MainPanel.java:781) ~[STM32CubeMX.jar:?]
	at com.st.microxplorer.plugins.filemanager.engine.OpenFileManager.loadConfigurationFile(OpenFileManager.java:265) ~[filemanager.jar:?]
	at com.st.microxplorer.plugins.filemanager.engine.MainFileManager.userLoadConfig(MainFileManager.java:352) ~[filemanager.jar:?]
	at com.st.microxplorer.plugins.filemanager.engine.MainFileManager.userLoadConfig(MainFileManager.java:330) ~[filemanager.jar:?]
	at com.st.microxplorer.plugins.filemanager.FileManagerView.getSpecificTask(FileManagerView.java:246) ~[filemanager.jar:?]
	at com.st.stm32cube.common.mx.editor.CubeMxEditor.getMxTabbedPaneInstance(CubeMxEditor.java:1198) ~[com.st.stm32cube.common.mx_6.12.0.202406281431/:?]
	at com.st.stm32cube.common.mx.editor.CubeMxEditor$12$1.createSwingComponent(CubeMxEditor.java:1068) ~[com.st.stm32cube.common.mx_6.12.0.202406281431/:?]
	at com.st.stm32cube.common.mx.oss.core.awtswtbridge.EmbeddedSwingComposite.doComponentCreation(EmbeddedSwingComposite.java:492) ~[com.st.stm32cube.common.mx.oss_6.12.0.202406281431/:?]
	at com.st.stm32cube.common.mx.oss.core.awtswtbridge.EmbeddedSwingComposite$4.run(EmbeddedSwingComposite.java:291) ~[com.st.stm32cube.common.mx.oss_6.12.0.202406281431/:?]
	at com.st.stm32cube.common.mx.oss.core.awtswtbridge.AwtEnvironment$2.run(AwtEnvironment.java:166) ~[com.st.stm32cube.common.mx.oss_6.12.0.202406281431/:?]
	at java.awt.event.InvocationEvent.dispatch(InvocationEvent.java:318) ~[?:?]
	at java.awt.EventQueue.dispatchEventImpl(EventQueue.java:773) ~[?:?]
	at java.awt.EventQueue$4.run(EventQueue.java:720) ~[?:?]
	at java.awt.EventQueue$4.run(EventQueue.java:714) ~[?:?]
	at java.security.AccessController.doPrivileged(AccessController.java:399) ~[?:?]
	at java.security.ProtectionDomain$JavaSecurityAccessImpl.doIntersectionPrivilege(ProtectionDomain.java:86) ~[?:?]
	at java.awt.EventQueue.dispatchEvent(EventQueue.java:742) ~[?:?]
	at java.awt.EventDispatchThread.pumpOneEventForFilters(EventDispatchThread.java:203) ~[?:?]
	at java.awt.EventDispatchThread.pumpEventsForFilter(EventDispatchThread.java:124) ~[?:?]
	at java.awt.EventDispatchThread.pumpEventsForHierarchy(EventDispatchThread.java:113) ~[?:?]
	at java.awt.EventDispatchThread.pumpEvents(EventDispatchThread.java:109) ~[?:?]
	at java.awt.EventDispatchThread.pumpEvents(EventDispatchThread.java:101) ~[?:?]
	at java.awt.EventDispatchThread.run(EventDispatchThread.java:90) ~[?:?]
2024-08-16 00:08:02,034 [WARN] ThirdParty:871 - waiting for thirdparty lock release [close project]
2024-08-16 00:08:02,034 [INFO] ThirdParty:873 - entering critical section [close project]
2024-08-16 00:08:02,034 [INFO] ThirdParty:883 - exiting critical section [close project]
2024-08-16 00:08:02,037 [INFO] PinOutPanel:1561 - setPackage(No Configuration,No Configuration)
2024-08-16 00:08:02,059 [WARN] IpParametersView:151 - Warning: This peripheral hasn't parameters
2024-08-16 00:08:02,077 [WARN] MainPanel:284 - <html><b><center>Warning: This peripheral has no parameters to be configured<br></b></html>
2024-08-16 00:08:02,084 [INFO] UtilMem:75 - Begin LoadConfig() Used Memory: 488321432 Bytes (920649728)
2024-08-16 00:08:02,088 [INFO] MicroXplorer:468 - Change Database Path : 
2024-08-16 00:08:02,091 [INFO] MicroXplorer:498 - Change Database Version : DB.6.0.120
2024-08-16 00:08:02,092 [INFO] OpenFileManager:332 - Change cursor
2024-08-16 00:08:02,123 [INFO] Mcu:2032 - Initializing MCU STM32F767ZITx STM32F767ZITx STM32F767ZIT6
2024-08-16 00:08:03,465 [INFO] Context:742 - Trying to add GPIOservice into a context  which must be forbidden
2024-08-16 00:08:04,085 [INFO] ImportTextPane:205 - (OptionalMessage_ERROR) Unable to find key (Mcu.ThirdPartyNb) in loaded IOC file
2024-08-16 00:08:04,087 [INFO] ImportTextPane:205 - (OptionalMessage_ERROR) Unable to find key (Mcu.PinsNb) in loaded IOC file
2024-08-16 00:08:04,087 [INFO] ImportTextPane:205 - (OptionalMessage_ERROR) Unable to find key (Mcu.IPNb) in loaded IOC file
2024-08-16 00:08:04,130 [WARN] ModelIntegratedComponent:63 - No mode defined for component null
2024-08-16 00:08:04,130 [WARN] ModelIntegratedComponent:63 - No mode defined for component null
2024-08-16 00:08:04,130 [WARN] ModelIntegratedComponent:63 - No mode defined for component null
2024-08-16 00:08:04,130 [WARN] ModelIntegratedComponent:63 - No mode defined for component null
2024-08-16 00:08:04,130 [WARN] ModelIntegratedComponent:63 - No mode defined for component null
2024-08-16 00:08:04,130 [WARN] ModelIntegratedComponent:63 - No mode defined for component null
2024-08-16 00:08:04,130 [WARN] ModelIntegratedComponent:63 - No mode defined for component null
2024-08-16 00:08:04,130 [WARN] ModelIntegratedComponent:63 - No mode defined for component null
2024-08-16 00:08:04,130 [WARN] ModelIntegratedComponent:63 - No mode defined for component null
2024-08-16 00:08:04,130 [WARN] ModelIntegratedComponent:63 - No mode defined for component null
2024-08-16 00:08:04,130 [WARN] ModelIntegratedComponent:63 - No mode defined for component null
2024-08-16 00:08:04,130 [WARN] ModelIntegratedComponent:63 - No mode defined for component null
2024-08-16 00:08:04,131 [WARN] ModelIntegratedComponent:63 - No mode defined for component null
2024-08-16 00:08:04,131 [WARN] ModelIntegratedComponent:63 - No mode defined for component null
2024-08-16 00:08:04,131 [WARN] ModelIntegratedComponent:63 - No mode defined for component null
2024-08-16 00:08:04,131 [WARN] ModelIntegratedComponent:63 - No mode defined for component null
2024-08-16 00:08:04,131 [WARN] ModelIntegratedComponent:63 - No mode defined for component null
2024-08-16 00:08:04,131 [WARN] ModelIntegratedComponent:63 - No mode defined for component null
2024-08-16 00:08:04,131 [WARN] ModelIntegratedComponent:63 - No mode defined for component null
2024-08-16 00:08:04,131 [WARN] ModelIntegratedComponent:63 - No mode defined for component null
2024-08-16 00:08:04,131 [WARN] ModelIntegratedComponent:63 - No mode defined for component null
2024-08-16 00:08:04,131 [WARN] ModelIntegratedComponent:63 - No mode defined for component null
2024-08-16 00:08:04,131 [WARN] ModelIntegratedComponent:63 - No mode defined for component null
2024-08-16 00:08:04,131 [WARN] ModelIntegratedComponent:63 - No mode defined for component null
2024-08-16 00:08:04,131 [WARN] ModelIntegratedComponent:63 - No mode defined for component null
2024-08-16 00:08:04,131 [WARN] ModelIntegratedComponent:63 - No mode defined for component null
2024-08-16 00:08:04,131 [WARN] ModelIntegratedComponent:63 - No mode defined for component null
2024-08-16 00:08:04,131 [WARN] ModelIntegratedComponent:63 - No mode defined for component null
2024-08-16 00:08:04,131 [WARN] ModelIntegratedComponent:63 - No mode defined for component null
2024-08-16 00:08:04,131 [WARN] ModelIntegratedComponent:63 - No mode defined for component null
2024-08-16 00:08:04,131 [WARN] ModelIntegratedComponent:63 - No mode defined for component null
2024-08-16 00:08:04,131 [WARN] ModelIntegratedComponent:63 - No mode defined for component null
2024-08-16 00:08:04,131 [WARN] ModelIntegratedComponent:63 - No mode defined for component null
2024-08-16 00:08:04,131 [WARN] ModelIntegratedComponent:63 - No mode defined for component null
2024-08-16 00:08:04,131 [WARN] ModelIntegratedComponent:63 - No mode defined for component null
2024-08-16 00:08:04,131 [WARN] ModelPack:524 - Component already loaded: STMicroelectronics:HAL Drivers:0.0.0:STMicroelectronics:Device:STMicro_Driver:XSPI:HAL::0.0.1:HAL_XSPI
2024-08-16 00:08:04,134 [INFO] RtosManager:555 - Registered RTOS mode: class=CMSIS, group=RTOS, mode=CMSIS_V1, owner=FREERTOS
2024-08-16 00:08:04,134 [INFO] RtosManager:555 - Registered RTOS mode: class=CMSIS, group=RTOS2, mode=CMSIS_V2, owner=FREERTOS
2024-08-16 00:08:04,134 [INFO] RtosManager:555 - Registered RTOS mode: class=RTOS, group=Core, mode=CMSIS_V1, owner=FREERTOS
2024-08-16 00:08:04,134 [INFO] RtosManager:555 - Registered RTOS mode: class=RTOS, group=Core, mode=CMSIS_V2, owner=FREERTOS
2024-08-16 00:08:04,134 [WARN] ModelIntegratedComponent:184 - Missing modes for component STMicroelectronics:FreeRTOS:0.0.1:STMicroelectronics:RTOS:FreeRTOS:Core:::10.2.0:
2024-08-16 00:08:04,137 [INFO] ThirdPartyModel:298 - Start build external matchings
2024-08-16 00:08:04,141 [INFO] ThirdPartyModel:316 - End build external matchings
2024-08-16 00:08:04,358 [INFO] UtilMem:75 - End LoadConfig() Used Memory: 402069520 Bytes (920649728)
2024-08-16 00:08:04,382 [WARN] ThirdParty:833 - waiting for thirdparty lock release [change project]
2024-08-16 00:08:04,386 [INFO] ThirdParty:835 - entering critical section [change project]
2024-08-16 00:08:04,386 [INFO] ThirdParty:1030 - CMSIS Pack Vendor :STMicroelectronics USBPD 4.1
2024-08-16 00:08:04,386 [INFO] ThirdParty:1030 - CMSIS Pack Vendor :STMicroelectronics X-CUBE-DISPLAY 3.0.0
2024-08-16 00:08:04,386 [INFO] ThirdParty:1030 - CMSIS Pack Vendor :STMicroelectronics X-CUBE-GNSS1 6.0.0
2024-08-16 00:08:04,386 [INFO] ThirdParty:1030 - CMSIS Pack Vendor :STMicroelectronics USB_HOST 2.0.0
2024-08-16 00:08:04,386 [INFO] ThirdParty:1030 - CMSIS Pack Vendor :STMicroelectronics FP-SNS-MOTENVWB1 1.4.0
2024-08-16 00:08:04,386 [INFO] ThirdParty:1030 - CMSIS Pack Vendor :STMicroelectronics LIBJPEG 8.0.0
2024-08-16 00:08:04,386 [INFO] ThirdParty:1030 - CMSIS Pack Vendor :STMicroelectronics X-CUBE-BLE1 7.0.0
2024-08-16 00:08:04,386 [INFO] ThirdParty:1030 - CMSIS Pack Vendor :STMicroelectronics FP-ATR-SIGFOX1 3.2.0
2024-08-16 00:08:04,386 [INFO] ThirdParty:1030 - CMSIS Pack Vendor :STMicroelectronics USB_DEVICE 3.0.0
2024-08-16 00:08:04,386 [INFO] ThirdParty:1030 - CMSIS Pack Vendor :STMicroelectronics X-CUBE-EEPRMA1 5.1.0
2024-08-16 00:08:04,386 [INFO] ThirdParty:1030 - CMSIS Pack Vendor :STMicroelectronics HAL Drivers 0.0.0
2024-08-16 00:08:04,386 [INFO] ThirdParty:1030 - CMSIS Pack Vendor :STMicroelectronics MBEDTLS 2.16.2
2024-08-16 00:08:04,386 [INFO] ThirdParty:1030 - CMSIS Pack Vendor :STMicroelectronics X-CUBE-FREERTOS 1.2.0
2024-08-16 00:08:04,386 [INFO] ThirdParty:1030 - CMSIS Pack Vendor :STMicroelectronics X-CUBE-ALS 1.0.2
2024-08-16 00:08:04,386 [INFO] ThirdParty:1030 - CMSIS Pack Vendor :STMicroelectronics MBEDTLS 2.14.1
2024-08-16 00:08:04,387 [INFO] ThirdParty:1030 - CMSIS Pack Vendor :STMicroelectronics USB_DEVICE 2.0.0
2024-08-16 00:08:04,387 [INFO] ThirdParty:1030 - CMSIS Pack Vendor :STMicroelectronics X-CUBE-BLEMGR 3.1.0
2024-08-16 00:08:04,387 [INFO] ThirdParty:1030 - CMSIS Pack Vendor :STMicroelectronics ThreadX 1.0.0
2024-08-16 00:08:04,387 [INFO] ThirdParty:1030 - CMSIS Pack Vendor :STMicroelectronics FP-SNS-SMARTAG2 1.2.0
2024-08-16 00:08:04,387 [INFO] ThirdParty:1030 - CMSIS Pack Vendor :STMicroelectronics FreeRTOS 0.0.1
2024-08-16 00:08:04,387 [INFO] ThirdParty:1030 - CMSIS Pack Vendor :STMicroelectronics FP-SNS-MOTENV1 5.0.0
2024-08-16 00:08:04,387 [INFO] ThirdParty:1030 - CMSIS Pack Vendor :STMicroelectronics USB_DEVICE 1.0.0
2024-08-16 00:08:04,387 [INFO] ThirdParty:1030 - CMSIS Pack Vendor :STMicroelectronics STM32_WPAN 1.0.0
2024-08-16 00:08:04,387 [INFO] ThirdParty:1030 - CMSIS Pack Vendor :STMicroelectronics ThreadX 0.0.2
2024-08-16 00:08:04,387 [INFO] ThirdParty:1030 - CMSIS Pack Vendor :STMicroelectronics FP-ATR-ASTRA1 2.0.0
2024-08-16 00:08:04,387 [INFO] ThirdParty:1030 - CMSIS Pack Vendor :STMicroelectronics lwIP 2.0.3
2024-08-16 00:08:04,387 [INFO] ThirdParty:1030 - CMSIS Pack Vendor :STMicroelectronics lwIP 2.1.2
2024-08-16 00:08:04,387 [INFO] ThirdParty:1030 - CMSIS Pack Vendor :STMicroelectronics FP-SNS-FLIGHT1 5.0.2
2024-08-16 00:08:04,387 [INFO] ThirdParty:1030 - CMSIS Pack Vendor :STMicroelectronics X-CUBE-BLE2 3.3.0
2024-08-16 00:08:04,387 [INFO] ThirdParty:1030 - CMSIS Pack Vendor :STMicroelectronics USB_HOST 1.0.0
2024-08-16 00:08:04,387 [INFO] ThirdParty:1030 - CMSIS Pack Vendor :STMicroelectronics X-CUBE-AI 9.0.0
2024-08-16 00:08:04,387 [INFO] ThirdParty:1030 - CMSIS Pack Vendor :STMicroelectronics PDM2PCM 3.1.0
2024-08-16 00:08:04,387 [INFO] ThirdParty:1030 - CMSIS Pack Vendor :STMicroelectronics PDM2PCM 3.2.0
2024-08-16 00:08:04,387 [INFO] ThirdParty:1030 - CMSIS Pack Vendor :STMicroelectronics PDM2PCM 3.3.0
2024-08-16 00:08:04,388 [INFO] ThirdParty:841 - exiting critical section [change project]
2024-08-16 00:08:04,659 [INFO] PinOutPanel:1561 - setPackage(No Configuration,No Configuration)
2024-08-16 00:08:04,659 [INFO] PinOutPanel:1561 - setPackage(STM32F767ZITx,LQFP144)
2024-08-16 00:08:04,967 [INFO] UtilMem:75 - Before build in PCC Used Memory: 731322384 Bytes (920649728)
2024-08-16 00:08:05,137 [INFO] UtilMem:75 - After build in PCC Used Memory: 780605456 Bytes (920649728)
2024-08-16 00:08:05,171 [INFO] IPUIPlugin:80 - create IPUIPlugin
2024-08-16 00:08:05,172 [INFO] IPUIPlugin:80 - create IPUIPlugin
2024-08-16 00:08:05,172 [INFO] IPUIPlugin:80 - create IPUIPlugin
2024-08-16 00:08:05,172 [INFO] IPUIPlugin:80 - create IPUIPlugin
2024-08-16 00:08:05,172 [INFO] IPUIPlugin:80 - create IPUIPlugin
2024-08-16 00:08:05,172 [INFO] IPUIPlugin:80 - create IPUIPlugin
2024-08-16 00:08:05,173 [INFO] IPUIPlugin:80 - create IPUIPlugin
2024-08-16 00:08:05,173 [INFO] IPUIPlugin:80 - create IPUIPlugin
2024-08-16 00:08:05,173 [INFO] IPUIPlugin:80 - create IPUIPlugin
2024-08-16 00:08:05,173 [INFO] IPUIPlugin:80 - create IPUIPlugin
2024-08-16 00:08:05,173 [INFO] IPUIPlugin:80 - create IPUIPlugin
2024-08-16 00:08:05,173 [INFO] IPUIPlugin:80 - create IPUIPlugin
2024-08-16 00:08:05,173 [INFO] IPUIPlugin:80 - create IPUIPlugin
2024-08-16 00:08:05,173 [INFO] IPUIPlugin:80 - create IPUIPlugin
2024-08-16 00:08:05,173 [INFO] IPUIPlugin:80 - create IPUIPlugin
2024-08-16 00:08:05,174 [INFO] IPUIPlugin:80 - create IPUIPlugin
2024-08-16 00:08:05,174 [INFO] IPUIPlugin:80 - create IPUIPlugin
2024-08-16 00:08:05,174 [INFO] IPUIPlugin:80 - create IPUIPlugin
2024-08-16 00:08:05,174 [INFO] IPUIPlugin:80 - create IPUIPlugin
2024-08-16 00:08:05,174 [INFO] IPUIPlugin:80 - create IPUIPlugin
2024-08-16 00:08:05,174 [INFO] IPUIPlugin:80 - create IPUIPlugin
2024-08-16 00:08:05,174 [INFO] IPUIPlugin:80 - create IPUIPlugin
2024-08-16 00:08:05,175 [INFO] IPUIPlugin:80 - create IPUIPlugin
2024-08-16 00:08:05,175 [INFO] IPUIPlugin:80 - create IPUIPlugin
2024-08-16 00:08:05,175 [INFO] IPUIPlugin:80 - create IPUIPlugin
2024-08-16 00:08:05,175 [INFO] IPUIPlugin:80 - create IPUIPlugin
2024-08-16 00:08:05,175 [INFO] IPUIPlugin:80 - create IPUIPlugin
2024-08-16 00:08:05,175 [INFO] IPUIPlugin:80 - create IPUIPlugin
2024-08-16 00:08:05,176 [INFO] IPUIPlugin:80 - create IPUIPlugin
2024-08-16 00:08:05,176 [INFO] IPUIPlugin:80 - create IPUIPlugin
2024-08-16 00:08:05,176 [INFO] IPUIPlugin:80 - create IPUIPlugin
2024-08-16 00:08:05,176 [INFO] IPUIPlugin:80 - create IPUIPlugin
2024-08-16 00:08:05,176 [INFO] IPUIPlugin:80 - create IPUIPlugin
2024-08-16 00:08:05,177 [INFO] IPUIPlugin:80 - create IPUIPlugin
2024-08-16 00:08:05,177 [INFO] IPUIPlugin:80 - create IPUIPlugin
2024-08-16 00:08:05,177 [INFO] IPUIPlugin:80 - create IPUIPlugin
2024-08-16 00:08:05,177 [INFO] IPUIPlugin:80 - create IPUIPlugin
2024-08-16 00:08:05,177 [INFO] IPUIPlugin:80 - create IPUIPlugin
2024-08-16 00:08:05,178 [INFO] IPUIPlugin:80 - create IPUIPlugin
2024-08-16 00:08:05,180 [INFO] IPUIPlugin:80 - create IPUIPlugin
2024-08-16 00:08:05,182 [INFO] IPUIPlugin:80 - create IPUIPlugin
2024-08-16 00:08:05,184 [INFO] IPUIPlugin:80 - create IPUIPlugin
2024-08-16 00:08:05,184 [INFO] IPUIPlugin:80 - create IPUIPlugin
2024-08-16 00:08:05,184 [INFO] IPUIPlugin:80 - create IPUIPlugin
2024-08-16 00:08:05,185 [INFO] IPUIPlugin:80 - create IPUIPlugin
2024-08-16 00:08:05,185 [INFO] IPUIPlugin:80 - create IPUIPlugin
2024-08-16 00:08:05,185 [INFO] IPUIPlugin:80 - create IPUIPlugin
2024-08-16 00:08:05,185 [INFO] IPUIPlugin:80 - create IPUIPlugin
2024-08-16 00:08:05,185 [INFO] IPUIPlugin:80 - create IPUIPlugin
2024-08-16 00:08:05,185 [INFO] IPUIPlugin:80 - create IPUIPlugin
2024-08-16 00:08:05,185 [INFO] IPUIPlugin:80 - create IPUIPlugin
2024-08-16 00:08:05,186 [INFO] IPUIPlugin:80 - create IPUIPlugin
2024-08-16 00:08:05,186 [INFO] IPUIPlugin:80 - create IPUIPlugin
2024-08-16 00:08:05,186 [INFO] IPUIPlugin:80 - create IPUIPlugin
2024-08-16 00:08:05,186 [INFO] IPUIPlugin:80 - create IPUIPlugin
2024-08-16 00:08:05,187 [INFO] IPUIPlugin:80 - create IPUIPlugin
2024-08-16 00:08:05,187 [INFO] IPUIPlugin:80 - create IPUIPlugin
2024-08-16 00:08:05,187 [INFO] IPUIPlugin:80 - create IPUIPlugin
2024-08-16 00:08:05,187 [INFO] IPUIPlugin:80 - create IPUIPlugin
2024-08-16 00:08:05,188 [INFO] IPUIPlugin:80 - create IPUIPlugin
2024-08-16 00:08:05,188 [INFO] IPUIPlugin:80 - create IPUIPlugin
2024-08-16 00:08:05,188 [INFO] IPUIPlugin:80 - create IPUIPlugin
2024-08-16 00:08:05,188 [INFO] IPUIPlugin:80 - create IPUIPlugin
2024-08-16 00:08:05,188 [INFO] IPUIPlugin:80 - create IPUIPlugin
2024-08-16 00:08:05,188 [INFO] IPUIPlugin:80 - create IPUIPlugin
2024-08-16 00:08:05,188 [INFO] IPUIPlugin:80 - create IPUIPlugin
2024-08-16 00:08:05,188 [INFO] IPUIPlugin:80 - create IPUIPlugin
2024-08-16 00:08:05,189 [INFO] IPUIPlugin:80 - create IPUIPlugin
2024-08-16 00:08:05,189 [INFO] IPUIPlugin:80 - create IPUIPlugin
2024-08-16 00:08:05,189 [INFO] IPUIPlugin:80 - create IPUIPlugin
2024-08-16 00:08:05,189 [INFO] IPUIPlugin:80 - create IPUIPlugin
2024-08-16 00:08:05,190 [INFO] IPUIPlugin:80 - create IPUIPlugin
2024-08-16 00:08:05,190 [INFO] IPUIPlugin:80 - create IPUIPlugin
2024-08-16 00:08:05,190 [INFO] IPUIPlugin:80 - create IPUIPlugin
2024-08-16 00:08:05,190 [INFO] IPUIPlugin:80 - create IPUIPlugin
2024-08-16 00:08:05,191 [INFO] IPUIPlugin:80 - create IPUIPlugin
2024-08-16 00:08:05,191 [INFO] IPUIPlugin:80 - create IPUIPlugin
2024-08-16 00:08:05,192 [INFO] IPUIPlugin:80 - create IPUIPlugin
2024-08-16 00:08:05,192 [INFO] IPUIPlugin:80 - create IPUIPlugin
2024-08-16 00:08:05,200 [INFO] ApiDbMcu:508 - Load IP Config File for PDM2PCM
2024-08-16 00:08:05,306 [INFO] CADModel:165 - CPN selected for project levelSTM32F767ZIT6
2024-08-16 00:08:05,309 [INFO] CADModel:114 - Register for checkConnection events
2024-08-16 00:08:05,392 [INFO] OpenFileManager:363 - Restore cursor
2024-08-16 00:08:05,994 [INFO] UtilMem:75 - End SaveConfig() Used Memory: 485467656 Bytes (961544192)
2024-08-16 00:08:06,059 [INFO] UtilMem:75 - End SaveConfig() Used Memory: 515942632 Bytes (961544192)
2024-08-16 00:08:06,151 [INFO] BlockDiagram:2766 - set Specific Code input for plugin: RCC
2024-08-16 00:08:06,151 [INFO] BlockDiagram:2766 - set Specific Code input for plugin: NVIC
2024-08-16 00:08:06,151 [INFO] BlockDiagram:2766 - set Specific Code input for plugin: CORTEX_M7
2024-08-16 00:08:06,153 [INFO] CodeGenerator:807 - code generatio: config db path: /Applications/STM32CubeIDE.app/Contents/Eclipse/plugins/com.st.stm32cube.common.mx_6.12.0.202406281431//db/
2024-08-16 00:08:06,225 [INFO] CodeEngine:255 - oldGeneratedFile, /Users/kitton/STM32CubeIDE/MAD_LAB/Lab03/MXTmpFiles/license.tmp_save
2024-08-16 00:08:06,300 [INFO] CodeEngine:279 - Generated code: /Users/kitton/STM32CubeIDE/MAD_LAB/Lab03/MXTmpFiles/license.tmp
2024-08-16 00:08:06,335 [INFO] CodeEngine:255 - oldGeneratedFile, /Users/kitton/STM32CubeIDE/MAD_LAB/Lab03/MXTmpFiles/cortex.tmp_save
2024-08-16 00:08:06,395 [INFO] CodeEngine:279 - Generated code: /Users/kitton/STM32CubeIDE/MAD_LAB/Lab03/MXTmpFiles/cortex.tmp
2024-08-16 00:08:06,400 [INFO] CodeEngine:255 - oldGeneratedFile, /Users/kitton/STM32CubeIDE/MAD_LAB/Lab03/Core/Src/stm32f7xx_it.c_save
2024-08-16 00:08:06,500 [INFO] CodeEngine:279 - Generated code: /Users/kitton/STM32CubeIDE/MAD_LAB/Lab03/Core/Src/stm32f7xx_it.c
2024-08-16 00:08:06,502 [INFO] CodeEngine:255 - oldGeneratedFile, /Users/kitton/STM32CubeIDE/MAD_LAB/Lab03/Core/Inc/stm32f7xx_it.h_save
2024-08-16 00:08:06,541 [INFO] CodeEngine:279 - Generated code: /Users/kitton/STM32CubeIDE/MAD_LAB/Lab03/Core/Inc/stm32f7xx_it.h
2024-08-16 00:08:06,549 [INFO] CodeEngine:255 - oldGeneratedFile, /Users/kitton/STM32CubeIDE/MAD_LAB/Lab03/Core/Src/stm32f7xx_hal_msp.c_save
2024-08-16 00:08:06,614 [INFO] CodeEngine:279 - Generated code: /Users/kitton/STM32CubeIDE/MAD_LAB/Lab03/Core/Src/stm32f7xx_hal_msp.c
2024-08-16 00:08:06,615 [INFO] CodeEngine:255 - oldGeneratedFile, /Users/kitton/STM32CubeIDE/MAD_LAB/Lab03/MXTmpFiles/system.tmp_save
2024-08-16 00:08:06,655 [INFO] CodeEngine:279 - Generated code: /Users/kitton/STM32CubeIDE/MAD_LAB/Lab03/MXTmpFiles/system.tmp
2024-08-16 00:08:06,658 [INFO] CodeEngine:311 - oldGeneratedFile, /Users/kitton/STM32CubeIDE/MAD_LAB/Lab03/Core/Inc/stm32f7xx_hal_conf.h_save
2024-08-16 00:08:06,728 [INFO] CodeEngine:335 - Generated code: /Users/kitton/STM32CubeIDE/MAD_LAB/Lab03/Core/Inc/stm32f7xx_hal_conf.h
2024-08-16 00:08:06,750 [INFO] CodeEngine:255 - oldGeneratedFile, /Users/kitton/STM32CubeIDE/MAD_LAB/Lab03/Core/Inc/main.h_save
2024-08-16 00:08:06,803 [INFO] CodeEngine:279 - Generated code: /Users/kitton/STM32CubeIDE/MAD_LAB/Lab03/Core/Inc/main.h
2024-08-16 00:08:06,805 [INFO] CodeEngine:255 - oldGeneratedFile, /Users/kitton/STM32CubeIDE/MAD_LAB/Lab03/Core/Src/main.c_save
2024-08-16 00:08:06,861 [INFO] CodeEngine:279 - Generated code: /Users/kitton/STM32CubeIDE/MAD_LAB/Lab03/Core/Src/main.c
2024-08-16 00:08:07,108 [INFO] ProjectBuilder:3249 - Time for Copy HAL[1] : 50mS.
2024-08-16 00:08:07,114 [INFO] ProjectBuilder:4828 - Project Generator version: 4.4.0-B60
2024-08-16 00:08:07,197 [INFO] ConfigFileManager:1531 - The Die is : DIE451
2024-08-16 00:08:07,205 [INFO] ApiDbMcu:508 - Load IP Config File for FATFS
2024-08-16 00:08:07,210 [INFO] ApiDbMcu:508 - Load IP Config File for FREERTOS
2024-08-16 00:08:07,212 [INFO] ApiDbMcu:508 - Load IP Config File for LIBJPEG
2024-08-16 00:08:07,217 [INFO] ApiDbMcu:508 - Load IP Config File for LWIP
2024-08-16 00:08:07,220 [INFO] ApiDbMcu:508 - Load IP Config File for MBEDTLS
2024-08-16 00:08:07,229 [INFO] ApiDbMcu:508 - Load IP Config File for USB_DEVICE
2024-08-16 00:08:07,242 [INFO] ApiDbMcu:508 - Load IP Config File for USB_HOST
2024-08-16 00:08:09,056 [INFO] ProjectBuilder:5097 - Time for Generating toolchain IDE Files: 1940mS.
2024-08-16 00:08:09,060 [INFO] ProjectBuilder:3107 - Time for Copy CMSIS : 1mS.
2024-08-16 00:08:09,061 [INFO] ProjectBuilder:3107 - Time for Copy CMSIS : 0mS.
2024-08-16 00:08:10,255 [INFO] McuFinderGlobals:76 - Set McuFinderConnectedMode to true
2024-08-16 00:08:10,265 [INFO] ApiDb:448 - Save user favorites file /Users/kitton/.stm32cubeide/favorites.mcus.txt: 0 item(s)
2024-08-16 00:08:10,265 [INFO] ApiDb:452 - User favorites MCUs=[]
2024-08-16 00:10:59,494 [INFO] UtilMem:75 - End SaveConfig() Used Memory: 678332136 Bytes (961544192)
2024-08-16 00:11:02,495 [INFO] UtilMem:75 - End SaveConfig() Used Memory: 714081376 Bytes (961544192)
2024-08-16 00:11:03,970 [INFO] UtilMem:75 - End SaveConfig() Used Memory: 768042152 Bytes (961544192)
2024-08-16 00:11:04,111 [INFO] BlockDiagram:2766 - set Specific Code input for plugin: SYS
2024-08-16 00:11:04,111 [INFO] BlockDiagram:2766 - set Specific Code input for plugin: RCC
2024-08-16 00:11:04,111 [INFO] BlockDiagram:2766 - set Specific Code input for plugin: NVIC
2024-08-16 00:11:04,111 [INFO] BlockDiagram:2766 - set Specific Code input for plugin: USART
2024-08-16 00:11:04,111 [INFO] BlockDiagram:2766 - set Specific Code input for plugin: CORTEX_M7
2024-08-16 00:11:04,111 [INFO] BlockDiagram:2766 - set Specific Code input for plugin: GPIO
2024-08-16 00:11:04,112 [INFO] CodeGenerator:807 - code generatio: config db path: /Applications/STM32CubeIDE.app/Contents/Eclipse/plugins/com.st.stm32cube.common.mx_6.12.0.202406281431//db/
2024-08-16 00:11:04,448 [INFO] CodeEngine:255 - oldGeneratedFile, /Users/kitton/STM32CubeIDE/MAD_LAB/Lab03/MXTmpFiles/license.tmp_save
2024-08-16 00:11:04,541 [INFO] CodeEngine:279 - Generated code: /Users/kitton/STM32CubeIDE/MAD_LAB/Lab03/MXTmpFiles/license.tmp
2024-08-16 00:11:04,572 [INFO] CodeEngine:255 - oldGeneratedFile, /Users/kitton/STM32CubeIDE/MAD_LAB/Lab03/Core/Src/gpio.c_save
2024-08-16 00:11:04,637 [INFO] CodeEngine:279 - Generated code: /Users/kitton/STM32CubeIDE/MAD_LAB/Lab03/Core/Src/gpio.c
2024-08-16 00:11:04,640 [INFO] CodeEngine:255 - oldGeneratedFile, /Users/kitton/STM32CubeIDE/MAD_LAB/Lab03/Core/Inc/gpio.h_save
2024-08-16 00:11:04,678 [INFO] CodeEngine:279 - Generated code: /Users/kitton/STM32CubeIDE/MAD_LAB/Lab03/Core/Inc/gpio.h
2024-08-16 00:11:04,762 [INFO] CodeEngine:255 - oldGeneratedFile, /Users/kitton/STM32CubeIDE/MAD_LAB/Lab03/MXTmpFiles/cortex.tmp_save
2024-08-16 00:11:04,803 [INFO] CodeEngine:279 - Generated code: /Users/kitton/STM32CubeIDE/MAD_LAB/Lab03/MXTmpFiles/cortex.tmp
2024-08-16 00:11:04,806 [INFO] CodeEngine:255 - oldGeneratedFile, /Users/kitton/STM32CubeIDE/MAD_LAB/Lab03/Core/Src/usart.c_save
2024-08-16 00:11:04,894 [INFO] CodeEngine:279 - Generated code: /Users/kitton/STM32CubeIDE/MAD_LAB/Lab03/Core/Src/usart.c
2024-08-16 00:11:04,895 [INFO] CodeEngine:255 - oldGeneratedFile, /Users/kitton/STM32CubeIDE/MAD_LAB/Lab03/Core/Inc/usart.h_save
2024-08-16 00:11:04,936 [INFO] CodeEngine:279 - Generated code: /Users/kitton/STM32CubeIDE/MAD_LAB/Lab03/Core/Inc/usart.h
2024-08-16 00:11:04,943 [INFO] CodeEngine:255 - oldGeneratedFile, /Users/kitton/STM32CubeIDE/MAD_LAB/Lab03/Core/Src/stm32f7xx_it.c_save
2024-08-16 00:11:04,997 [INFO] CodeEngine:279 - Generated code: /Users/kitton/STM32CubeIDE/MAD_LAB/Lab03/Core/Src/stm32f7xx_it.c
2024-08-16 00:11:04,998 [INFO] CodeEngine:255 - oldGeneratedFile, /Users/kitton/STM32CubeIDE/MAD_LAB/Lab03/Core/Inc/stm32f7xx_it.h_save
2024-08-16 00:11:05,038 [INFO] CodeEngine:279 - Generated code: /Users/kitton/STM32CubeIDE/MAD_LAB/Lab03/Core/Inc/stm32f7xx_it.h
2024-08-16 00:11:05,045 [INFO] CodeEngine:255 - oldGeneratedFile, /Users/kitton/STM32CubeIDE/MAD_LAB/Lab03/Core/Src/stm32f7xx_hal_msp.c_save
2024-08-16 00:11:05,104 [INFO] CodeEngine:279 - Generated code: /Users/kitton/STM32CubeIDE/MAD_LAB/Lab03/Core/Src/stm32f7xx_hal_msp.c
2024-08-16 00:11:05,106 [INFO] CodeEngine:255 - oldGeneratedFile, /Users/kitton/STM32CubeIDE/MAD_LAB/Lab03/MXTmpFiles/system.tmp_save
2024-08-16 00:11:05,146 [INFO] CodeEngine:279 - Generated code: /Users/kitton/STM32CubeIDE/MAD_LAB/Lab03/MXTmpFiles/system.tmp
2024-08-16 00:11:05,152 [INFO] CodeEngine:311 - oldGeneratedFile, /Users/kitton/STM32CubeIDE/MAD_LAB/Lab03/Core/Inc/stm32f7xx_hal_conf.h_save
2024-08-16 00:11:05,201 [INFO] CodeEngine:335 - Generated code: /Users/kitton/STM32CubeIDE/MAD_LAB/Lab03/Core/Inc/stm32f7xx_hal_conf.h
2024-08-16 00:11:05,224 [INFO] CodeEngine:255 - oldGeneratedFile, /Users/kitton/STM32CubeIDE/MAD_LAB/Lab03/Core/Inc/main.h_save
2024-08-16 00:11:05,264 [INFO] CodeEngine:279 - Generated code: /Users/kitton/STM32CubeIDE/MAD_LAB/Lab03/Core/Inc/main.h
2024-08-16 00:11:05,266 [INFO] CodeEngine:255 - oldGeneratedFile, /Users/kitton/STM32CubeIDE/MAD_LAB/Lab03/Core/Src/main.c_save
2024-08-16 00:11:05,331 [INFO] CodeEngine:279 - Generated code: /Users/kitton/STM32CubeIDE/MAD_LAB/Lab03/Core/Src/main.c
2024-08-16 00:11:05,500 [INFO] ProjectBuilder:3249 - Time for Copy HAL[1] : 57mS.
2024-08-16 00:11:05,504 [INFO] ProjectBuilder:4828 - Project Generator version: 4.4.0-B60
2024-08-16 00:11:05,554 [INFO] ConfigFileManager:1531 - The Die is : DIE451
2024-08-16 00:11:06,358 [INFO] ProjectBuilder:5097 - Time for Generating toolchain IDE Files: 853mS.
2024-08-16 00:11:06,359 [INFO] ProjectBuilder:3107 - Time for Copy CMSIS : 0mS.
2024-08-16 00:11:06,361 [INFO] ProjectBuilder:3107 - Time for Copy CMSIS : 0mS.
2024-08-16 01:32:48,199 [INFO] WebApp:189 - Connection lost
2024-08-16 01:32:51,551 [INFO] WebApp:186 - Connection restablished
2024-08-16 01:40:36,526 [INFO] WebApp:189 - Connection lost
2024-08-16 01:40:41,209 [INFO] WebApp:186 - Connection restablished
2024-08-16 01:41:05,307 [INFO] WebApp:189 - Connection lost
2024-08-16 05:04:02,040 [INFO] WebApp:186 - Connection restablished
2024-08-16 05:21:46,362 [INFO] WebApp:189 - Connection lost
2024-08-16 05:33:48,960 [INFO] WebApp:186 - Connection restablished
2024-08-16 05:49:54,391 [INFO] WebApp:189 - Connection lost
2024-08-16 06:34:48,712 [INFO] WebApp:186 - Connection restablished
2024-08-16 06:47:56,418 [INFO] WebApp:189 - Connection lost
2024-08-16 06:48:04,023 [INFO] WebApp:186 - Connection restablished
